Component: ARM Compiler 5.05 update 1 (build 106) Tool: armlink [4d0efa]

==============================================================================

Section Cross References

    main.o(.text) refers to taskmanager.o(.text) for TaskManager::DelayMs(unsigned short)
    main.o(.text) refers to mfrc522.o(.text) for MFRC522::init()
    main.o(.text) refers to usart.o(.text) for USART::ClearReceiveBuffer()
    main.o(.text) refers to aeabi_atexit.o(i.__aeabi_atexit) for __aeabi_atexit
    main.o(.text) refers to main.o(.bss) for sendDataBuffer
    main.o(.text) refers to mfrc522.o(.bss) for mfrc522
    main.o(.text) refers to taskmanager.o(.data) for tskmgr
    main.o(.text) refers to main.o(.data) for checkcard
    main.o(.ARM.exidx) refers to main.o(.text) for .text
    main.o(.init_array) refers to main.o(.text) for __sti___8_main_cpp_f786e084
    main.o(.init_array) refers to init_aeabi.o(.text) for __cpp_initialize__aeabi_
    usart.o(.text) refers to usart.o(t._ZN10FIFOBufferIhLt200EEC1Ev) for FIFOBuffer<unsigned char, (unsigned short)200>::FIFOBuffer()
    usart.o(.text) refers to stm32f10x_rcc.o(.text) for RCC_APB2PeriphClockCmd
    usart.o(.text) refers to stm32f10x_gpio.o(.text) for GPIO_PinRemapConfig
    usart.o(.text) refers to stm32f10x_usart.o(.text) for USART_Init
    usart.o(.text) refers to stm32f10x_dma.o(.text) for DMA_Init
    usart.o(.text) refers to misc.o(.text) for NVIC_PriorityGroupConfig
    usart.o(.text) refers to usart.o(t._ZN10FIFOBufferIhLt200EE4PutsEPht) for FIFOBuffer<unsigned char, (unsigned short)200>::Puts(unsigned char*, unsigned short)
    usart.o(.text) refers to usart.o(t._ZN10FIFOBufferIhLt200EE4SizeEv) for FIFOBuffer<unsigned char, (unsigned short)200>::Size()
    usart.o(.text) refers to interrupt.o(.data) for pUSART1
    usart.o(.text) refers to usart.o(t._ZN10FIFOBufferIhLt200EE4GetsEPht) for FIFOBuffer<unsigned char, (unsigned short)200>::Gets(unsigned char*, unsigned short)
    usart.o(.text) refers to usart.o(t._ZN10FIFOBufferIhLt200EE3GetERh) for FIFOBuffer<unsigned char, (unsigned short)200>::Get(unsigned char&)
    usart.o(.text) refers to usart.o(t._ZN10FIFOBufferIhLt200EE5ClearEv) for FIFOBuffer<unsigned char, (unsigned short)200>::Clear()
    usart.o(.text) refers to usart.o(t._ZN10FIFOBufferIhLt200EE3PutERKh) for FIFOBuffer<unsigned char, (unsigned short)200>::Put(const unsigned char&)
    usart.o(.text) refers to dleqf.o(x$fpl$dleqf) for __aeabi_cdcmple
    usart.o(.text) refers to dmul.o(x$fpl$dmul) for __aeabi_dmul
    usart.o(.text) refers to dfixu.o(x$fpl$dfixu) for __aeabi_d2uiz
    usart.o(.text) refers to usart.o(.data) for dataToSend
    usart.o(.ARM.exidx) refers to usart.o(.text) for .text
    interrupt.o(.text) refers to usart.o(.text) for USART::Irq()
    interrupt.o(.text) refers to interrupt.o(.data) for pUSART1
    interrupt.o(.ARM.exidx) refers to interrupt.o(.text) for .text
    taskmanager.o(.text) refers to dflt_clz.o(x$fpl$dfltu) for __aeabi_ui2d
    taskmanager.o(.text) refers to ddiv.o(x$fpl$ddiv) for __aeabi_ddiv
    taskmanager.o(.text) refers to daddsub_clz.o(x$fpl$dadd) for __aeabi_dadd
    taskmanager.o(.text) refers to daddsub_clz.o(x$fpl$dsub) for __aeabi_dsub
    taskmanager.o(.text) refers to drleqf.o(x$fpl$drleqf) for __aeabi_cdrcmple
    taskmanager.o(.text) refers to dleqf.o(x$fpl$dleqf) for __aeabi_cdcmple
    taskmanager.o(.text) refers to taskmanager.o(.data) for TaskManager::_it_cnt
    taskmanager.o(.ARM.exidx) refers to taskmanager.o(.text) for .text
    taskmanager.o(.init_array) refers to taskmanager.o(.text) for __sti___15_TaskManager_cpp_tskmgr
    taskmanager.o(.init_array) refers to init_aeabi.o(.text) for __cpp_initialize__aeabi_
    mfrc522.o(.text) refers to usart.o(.text) for USART::SendData(unsigned char*, unsigned)
    mfrc522.o(.text) refers to mfrc522.o(.bss) for usart2test
    mfrc522.o(.text) refers to aeabi_atexit.o(i.__aeabi_atexit) for __aeabi_atexit
    mfrc522.o(.ARM.exidx) refers to mfrc522.o(.text) for .text
    mfrc522.o(.init_array) refers to mfrc522.o(.text) for __sti___11_MFRC522_cpp_ef1bbdbc
    mfrc522.o(.init_array) refers to init_aeabi.o(.text) for __cpp_initialize__aeabi_
    stm32f10x_gpio.o(.text) refers to stm32f10x_rcc.o(.text) for RCC_APB2PeriphResetCmd
    stm32f10x_rcc.o(.text) refers to stm32f10x_rcc.o(.data) for APBAHBPrescTable
    stm32f10x_usart.o(.text) refers to stm32f10x_rcc.o(.text) for RCC_APB2PeriphResetCmd
    startup_stm32f10x_md.o(STACK) refers (Special) to heapauxi.o(.text) for __use_two_region_memory
    startup_stm32f10x_md.o(HEAP) refers (Special) to heapauxi.o(.text) for __use_two_region_memory
    startup_stm32f10x_md.o(RESET) refers (Special) to heapauxi.o(.text) for __use_two_region_memory
    startup_stm32f10x_md.o(RESET) refers to startup_stm32f10x_md.o(STACK) for __initial_sp
    startup_stm32f10x_md.o(RESET) refers to startup_stm32f10x_md.o(.text) for Reset_Handler
[...]
    libinit.o(.ARM.Collect$$libinit$$00000000) refers (Special) to libinit2.o(.ARM.Collect$$libinit$$00000004) for __rt_lib_init_preinit_1
    libinit.o(.ARM.Collect$$libinit$$00000000) refers (Special) to libinit2.o(.ARM.Collect$$libinit$$0000000E) for __rt_lib_init_rand_1
    libinit.o(.ARM.Collect$$libinit$$00000000) refers (Special) to libinit2.o(.ARM.Collect$$libinit$$00000033) for __rt_lib_init_return
    libinit.o(.ARM.Collect$$libinit$$00000000) refers (Special) to libinit2.o(.ARM.Collect$$libinit$$0000001D) for __rt_lib_init_signal_1
    libinit.o(.ARM.Collect$$libinit$$00000000) refers (Special) to libinit2.o(.ARM.Collect$$libinit$$00000025) for __rt_lib_init_stdio_1
    libinit.o(.ARM.Collect$$libinit$$00000000) refers (Special) to libinit2.o(.ARM.Collect$$libinit$$0000000C) for __rt_lib_init_user_alloc_1
    rtexit.o(.ARM.Collect$$rtexit$$00000000) refers (Special) to rtexit2.o(.ARM.Collect$$rtexit$$00000004) for __rt_exit_exit
    rtexit.o(.ARM.Collect$$rtexit$$00000000) refers (Special) to rtexit2.o(.ARM.Collect$$rtexit$$00000003) for __rt_exit_ls
    rtexit.o(.ARM.Collect$$rtexit$$00000000) refers (Special) to rtexit2.o(.ARM.Collect$$rtexit$$00000002) for __rt_exit_prels_1
    rtexit.o(.ARM.exidx) refers (Special) to rtexit2.o(.ARM.Collect$$rtexit$$00000004) for __rt_exit_exit
    rtexit.o(.ARM.exidx) refers (Special) to rtexit2.o(.ARM.Collect$$rtexit$$00000003) for __rt_exit_ls
    rtexit.o(.ARM.exidx) refers (Special) to rtexit2.o(.ARM.Collect$$rtexit$$00000002) for __rt_exit_prels_1
    rtexit.o(.ARM.exidx) refers to rtexit.o(.ARM.Collect$$rtexit$$00000000) for .ARM.Collect$$rtexit$$00000000
    rt_raise.o(.text) refers to __raise.o(.text) for __raise
    rt_raise.o(.text) refers to sys_exit.o(.text) for _sys_exit
    term_alloc.o(.text) refers (Special) to libshutdown2.o(.ARM.Collect$$libshutdown$$0000000D) for __rt_lib_shutdown_heap_2
    term_alloc.o(.text) refers to rt_heap_descriptor_intlibspace.o(.text) for __rt_heap_descriptor
    term_alloc.o(.text) refers to h1_final.o(.text) for __Heap_Finalize
    defsig_exit.o(.text) refers to sys_exit.o(.text) for _sys_exit
    defsig_rtmem_inner.o(.text) refers to defsig_general.o(.text) for __default_signal_display
    sys_exit.o(.text) refers (Special) to use_no_semi.o(.text) for __I$use$semihosting
    sys_exit.o(.text) refers (Special) to indicate_semi.o(.text) for __semihosting_library_function
    rtexit2.o(.ARM.Collect$$rtexit$$00000003) refers to libshutdown.o(.ARM.Collect$$libshutdown$$00000000) for __rt_lib_shutdown
    rtexit2.o(.ARM.Collect$$rtexit$$00000004) refers to sys_exit.o(.text) for _sys_exit
    rtexit2.o(.ARM.exidx) refers to rtexit2.o(.ARM.Collect$$rtexit$$00000001) for .ARM.Collect$$rtexit$$00000001
    rtexit2.o(.ARM.exidx) refers to rtexit2.o(.ARM.Collect$$rtexit$$00000003) for .ARM.Collect$$rtexit$$00000003
    rtexit2.o(.ARM.exidx) refers to rtexit2.o(.ARM.Collect$$rtexit$$00000004) for .ARM.Collect$$rtexit$$00000004
    __raise.o(.text) refers to defsig.o(CL$$defsig) for __default_signal_handler
    defsig_general.o(.text) refers to sys_wrch.o(.text) for _ttywrch
    sys_wrch.o(.text) refers (Special) to use_no_semi.o(.text) for __I$use$semihosting
    sys_wrch.o(.text) refers (Special) to indicate_semi.o(.text) for __semihosting_library_function
    defsig.o(CL$$defsig) refers to defsig_rtmem_inner.o(.text) for __rt_SIGRTMEM_inner
    libshutdown.o(.ARM.Collect$$libshutdown$$00000000) refers (Special) to libshutdown2.o(.ARM.Collect$$libshutdown$$00000006) for __rt_lib_shutdown_fp_trap_1
    libshutdown.o(.ARM.Collect$$libshutdown$$00000000) refers (Special) to libshutdown2.o(.ARM.Collect$$libshutdown$$0000000E) for __rt_lib_shutdown_heap_1
    libshutdown.o(.ARM.Collect$$libshutdown$$00000000) refers (Special) to libshutdown2.o(.ARM.Collect$$libshutdown$$0000000F) for __rt_lib_shutdown_return
    libshutdown.o(.ARM.Collect$$libshutdown$$00000000) refers (Special) to libshutdown2.o(.ARM.Collect$$libshutdown$$00000009) for __rt_lib_shutdown_signal_1
    libshutdown.o(.ARM.Collect$$libshutdown$$00000000) refers (Special) to libshutdown2.o(.ARM.Collect$$libshutdown$$00000003) for __rt_lib_shutdown_stdio_1
    libshutdown.o(.ARM.Collect$$libshutdown$$00000000) refers (Special) to libshutdown2.o(.ARM.Collect$$libshutdown$$0000000B) for __rt_lib_shutdown_user_alloc_1
    defsig_abrt_inner.o(.text) refers to defsig_general.o(.text) for __default_signal_display
    defsig_fpe_inner.o(.text) refers to defsig_general.o(.text) for __default_signal_display
    defsig_rtred_inner.o(.text) refers to defsig_general.o(.text) for __default_signal_display
    defsig_stak_inner.o(.text) refers to defsig_general.o(.text) for __default_signal_display
    defsig_pvfn_inner.o(.text) refers to defsig_general.o(.text) for __default_signal_display
    defsig_cppl_inner.o(.text) refers to defsig_general.o(.text) for __default_signal_display
    defsig_segv_inner.o(.text) refers to defsig_general.o(.text) for __default_signal_display
    defsig_other.o(.text) refers to defsig_general.o(.text) for __default_signal_display
    usart.o(.ARM.exidx) refers to usart.o(t._ZN10FIFOBufferIhLt200EEC1Ev) for t._ZN10FIFOBufferIhLt200EEC1Ev
    usart.o(.ARM.exidx) refers to usart.o(t._ZN10FIFOBufferIhLt200EE3PutERKh) for t._ZN10FIFOBufferIhLt200EE3PutERKh
    usart.o(.ARM.exidx) refers to usart.o(t._ZN10FIFOBufferIhLt200EE3GetERh) for t._ZN10FIFOBufferIhLt200EE3GetERh
    usart.o(.ARM.exidx) refers to usart.o(t._ZN10FIFOBufferIhLt200EE4PutsEPht) for t._ZN10FIFOBufferIhLt200EE4PutsEPht
    usart.o(.ARM.exidx) refers to usart.o(t._ZN10FIFOBufferIhLt200EE4GetsEPht) for t._ZN10FIFOBufferIhLt200EE4GetsEPht
    usart.o(.ARM.exidx) refers to usart.o(t._ZN10FIFOBufferIhLt200EE4SizeEv) for t._ZN10FIFOBufferIhLt200EE4SizeEv
    usart.o(.ARM.exidx) refers to usart.o(t._ZN10FIFOBufferIhLt200EE5ClearEv) for t._ZN10FIFOBufferIhLt200EE5ClearEv


==============================================================================

Removing Unused input sections from the image.

    Removing main.o(.rev16_text), (4 bytes).
    Removing main.o(.revsh_text), (4 bytes).
    Removing main.o(.rrx_text), (6 bytes).
    Removing main.o(.ARM.exidx), (8 bytes).
    Removing usart.o(.rev16_text), (4 bytes).
    Removing usart.o(.revsh_text), (4 bytes).
    Removing usart.o(.rrx_text), (6 bytes).
    Removing usart.o(.ARM.exidx), (8 bytes).
    Removing interrupt.o(.rev16_text), (4 bytes).
    Removing interrupt.o(.revsh_text), (4 bytes).
    Removing interrupt.o(.rrx_text), (6 bytes).
    Removing interrupt.o(.ARM.exidx), (8 bytes).
    Removing taskmanager.o(.rev16_text), (4 bytes).
    Removing taskmanager.o(.revsh_text), (4 bytes).
    Removing taskmanager.o(.rrx_text), (6 bytes).
    Removing taskmanager.o(.ARM.exidx), (8 bytes).
    Removing mfrc522.o(.rev16_text), (4 bytes).
    Removing mfrc522.o(.revsh_text), (4 bytes).
    Removing mfrc522.o(.rrx_text), (6 bytes).
    Removing mfrc522.o(.ARM.exidx), (8 bytes).
    Removing misc.o(.rev16_text), (4 bytes).
    Removing misc.o(.revsh_text), (4 bytes).
    Removing misc.o(.rrx_text), (6 bytes).
    Removing stm32f10x_dma.o(.rev16_text), (4 bytes).
    Removing stm32f10x_dma.o(.revsh_text), (4 bytes).
    Removing stm32f10x_dma.o(.rrx_text), (6 bytes).
    Removing stm32f10x_exti.o(.rev16_text), (4 bytes).
    Removing stm32f10x_exti.o(.revsh_text), (4 bytes).
    Removing stm32f10x_exti.o(.rrx_text), (6 bytes).
    Removing stm32f10x_exti.o(.text), (284 bytes).
    Removing stm32f10x_gpio.o(.rev16_text), (4 bytes).
    Removing stm32f10x_gpio.o(.revsh_text), (4 bytes).
    Removing stm32f10x_gpio.o(.rrx_text), (6 bytes).
    Removing stm32f10x_rcc.o(.rev16_text), (4 bytes).
    Removing stm32f10x_rcc.o(.revsh_text), (4 bytes).
    Removing stm32f10x_rcc.o(.rrx_text), (6 bytes).
    Removing stm32f10x_usart.o(.rev16_text), (4 bytes).
    Removing stm32f10x_usart.o(.revsh_text), (4 bytes).
    Removing stm32f10x_usart.o(.rrx_text), (6 bytes).
    Removing system_stm32f10x.o(.rev16_text), (4 bytes).
    Removing system_stm32f10x.o(.revsh_text), (4 bytes).
    Removing system_stm32f10x.o(.rrx_text), (6 bytes).
    Removing usart.o(.ARM.exidx), (8 bytes).
    Removing usart.o(.ARM.exidx), (8 bytes).
    Removing usart.o(.ARM.exidx), (8 bytes).
    Removing usart.o(.ARM.exidx), (8 bytes).
    Removing usart.o(.ARM.exidx), (8 bytes).
    Removing usart.o(.ARM.exidx), (8 bytes).
    Removing usart.o(.ARM.exidx), (8 bytes).

49 unused section(s) (total 548 bytes) removed from the image.

==============================================================================

Image Symbol Table

    Local Symbols

    Symbol Name                              Value     Ov Type        Size  Object(Section)

    ../../../edgfe/lib_src/dtor_list.c       0x00000000   Number         0  cxa_finalize.o ABSOLUTE
    ../../../edgfe/lib_src/dtor_list.c       0x00000000   Number         0  cxa_atexit.o ABSOLUTE
    ../../../edgfe/lib_src/dtor_list.c       0x00000000   Number         0  aeabi_atexit.o ABSOLUTE
    ../clib/angel/boardlib.s                 0x00000000   Number         0  boardinit2.o ABSOLUTE
    ../clib/angel/boardlib.s                 0x00000000   Number         0  boardinit3.o ABSOLUTE
    ../clib/angel/boardlib.s                 0x00000000   Number         0  boardshut.o ABSOLUTE
    ../clib/angel/boardlib.s                 0x00000000   Number         0  boardinit1.o ABSOLUTE
    ../clib/angel/handlers.s                 0x00000000   Number         0  __scatter_zi.o ABSOLUTE
    ../clib/angel/handlers.s                 0x00000000   Number         0  __scatter_copy.o ABSOLUTE
    ../clib/angel/kernel.s                   0x00000000   Number         0  rtexit.o ABSOLUTE
    ../clib/angel/kernel.s                   0x00000000   Number         0  __rtentry2.o ABSOLUTE
    ../clib/angel/kernel.s                   0x00000000   Number         0  __rtentry4.o ABSOLUTE
    ../clib/angel/kernel.s                   0x00000000   Number         0  __rtentry.o ABSOLUTE
    ../clib/angel/kernel.s                   0x00000000   Number         0  rtexit2.o ABSOLUTE
    ../clib/angel/rt.s                       0x00000000   Number         0  rt_heap_descriptor_intlibspace.o ABSOLUTE
    ../clib/angel/rt.s                       0x00000000   Number         0  rt_raise.o ABSOLUTE
    ../clib/angel/rt.s                       0x00000000   Number         0  rt_heap_descriptor.o ABSOLUTE
    ../clib/angel/rt.s                       0x00000000   Number         0  rt_ddtor_pointer_addr.o ABSOLUTE
    ../clib/angel/rt.s                       0x00000000   Number         0  rt_ddtor_pointer_addr_intlibspace.o ABSOLUTE
    ../clib/angel/scatter.s                  0x00000000   Number         0  __scatter.o ABSOLUTE
    ../clib/angel/startup.s                  0x00000000   Number         0  __main.o ABSOLUTE
    ../clib/angel/sys.s                      0x00000000   Number         0  use_no_semi.o ABSOLUTE
    ../clib/angel/sys.s                      0x00000000   Number         0  sys_stackheap_outer.o ABSOLUTE
    ../clib/angel/sys.s                      0x00000000   Number         0  indicate_semi.o ABSOLUTE
    ../clib/angel/sys.s                      0x00000000   Number         0  mutex_dummy.o ABSOLUTE
    ../clib/angel/sys.s                      0x00000000   Number         0  libspace.o ABSOLUTE
    ../clib/angel/sysapp.c                   0x00000000   Number         0  sys_command.o ABSOLUTE
    ../clib/angel/sysapp.c                   0x00000000   Number         0  sys_exit.o ABSOLUTE
    ../clib/angel/sysapp.c                   0x00000000   Number         0  sys_wrch.o ABSOLUTE
    ../clib/arm_runtime.c                    0x00000000   Number         0  init_aeabi.o ABSOLUTE
    ../clib/arm_runtime.c                    0x00000000   Number         0  init_aeabi.o ABSOLUTE
    ../clib/armsys.c                         0x00000000   Number         0  _get_argv.o ABSOLUTE
    ../clib/armsys.c                         0x00000000   Number         0  argv_veneer.o ABSOLUTE
    ../clib/armsys.c                         0x00000000   Number         0  argv_veneer.o ABSOLUTE
    ../clib/armsys.c                         0x00000000   Number         0  _get_argv_nomalloc.o ABSOLUTE
    ../clib/armsys.c                         0x00000000   Number         0  no_argv.o ABSOLUTE
    ../clib/heap1.c                          0x00000000   Number         0  h1_extend_mt.o ABSOLUTE
    ../clib/heap1.c                          0x00000000   Number         0  h1_final.o ABSOLUTE
    ../clib/heap1.c                          0x00000000   Number         0  h1_alloc_mt.o ABSOLUTE
    ../clib/heap1.c                          0x00000000   Number         0  h1_free_mt.o ABSOLUTE
    ../clib/heap1.c                          0x00000000   Number         0  h1_init_mt.o ABSOLUTE
    ../clib/heap1.c                          0x00000000   Number         0  h1_init.o ABSOLUTE
    ../clib/heap1.c                          0x00000000   Number         0  h1_alloc.o ABSOLUTE
    ../clib/heap1.c                          0x00000000   Number         0  h1_free.o ABSOLUTE
    ../clib/heap1.c                          0x00000000   Number         0  h1_final_mt.o ABSOLUTE
    ../clib/heap1.c                          0x00000000   Number         0  h1_extend.o ABSOLUTE
    ../clib/heap2.c                          0x00000000   Number         0  heap2mt.o ABSOLUTE
    ../clib/heap2.c                          0x00000000   Number         0  fdtree.o ABSOLUTE
    ../clib/heap2.c                          0x00000000   Number         0  heap2.o ABSOLUTE
    ../clib/heapalloc.c                      0x00000000   Number         0  term_alloc.o ABSOLUTE
    ../clib/heapalloc.c                      0x00000000   Number         0  maybetermalloc1.o ABSOLUTE
    ../clib/heapalloc.c                      0x00000000   Number         0  hrguard.o ABSOLUTE
    ../clib/heapalloc.c                      0x00000000   Number         0  hguard.o ABSOLUTE
    ../clib/heapalloc.c                      0x00000000   Number         0  free.o ABSOLUTE
    ../clib/heapalloc.c                      0x00000000   Number         0  heapstubs.o ABSOLUTE
    ../clib/heapalloc.c                      0x00000000   Number         0  malloc.o ABSOLUTE
    ../clib/heapalloc.c                      0x00000000   Number         0  maybetermalloc1.o ABSOLUTE
    ../clib/heapalloc.c                      0x00000000   Number         0  maybetermalloc2.o ABSOLUTE
    ../clib/heapalloc.c                      0x00000000   Number         0  maybetermalloc2.o ABSOLUTE
    ../clib/heapalloc.c                      0x00000000   Number         0  init_alloc.o ABSOLUTE
    ../clib/heapaux.c                        0x00000000   Number         0  heapauxi.o ABSOLUTE
    ../clib/heapaux.c                        0x00000000   Number         0  heapauxa.o ABSOLUTE
    ../clib/libinit.s                        0x00000000   Number         0  libshutdown.o ABSOLUTE
    ../clib/libinit.s                        0x00000000   Number         0  libinit.o ABSOLUTE
    ../clib/libinit.s                        0x00000000   Number         0  libinit2.o ABSOLUTE
    ../clib/libinit.s                        0x00000000   Number         0  libshutdown2.o ABSOLUTE
    ../clib/memcpset.s                       0x00000000   Number         0  rt_memcpy_w.o ABSOLUTE
    ../clib/signal.c                         0x00000000   Number         0  defsig_cppl_inner.o ABSOLUTE
    ../clib/signal.c                         0x00000000   Number         0  defsig_pvfn_inner.o ABSOLUTE
    ../clib/signal.c                         0x00000000   Number         0  defsig_exit.o ABSOLUTE
    ../clib/signal.c                         0x00000000   Number         0  __raise.o ABSOLUTE
    ../clib/signal.c                         0x00000000   Number         0  defsig_general.o ABSOLUTE
    ../clib/signal.c                         0x00000000   Number         0  defsig_other.o ABSOLUTE
    ../clib/signal.c                         0x00000000   Number         0  defsig_rtmem_formal.o ABSOLUTE
    ../clib/signal.c                         0x00000000   Number         0  defsig_abrt_inner.o ABSOLUTE
    ../clib/signal.c                         0x00000000   Number         0  defsig_rtmem_outer.o ABSOLUTE
    ../clib/signal.c                         0x00000000   Number         0  defsig_rtmem_inner.o ABSOLUTE
    ../clib/signal.c                         0x00000000   Number         0  defsig_fpe_inner.o ABSOLUTE
    ../clib/signal.c                         0x00000000   Number         0  defsig_rtred_inner.o ABSOLUTE
    ../clib/signal.c                         0x00000000   Number         0  defsig_stak_inner.o ABSOLUTE
    ../clib/signal.c                         0x00000000   Number         0  defsig_segv_inner.o ABSOLUTE
    ../clib/signal.s                         0x00000000   Number         0  defsig.o ABSOLUTE
    ../clib/stdlib.c                         0x00000000   Number         0  exit.o ABSOLUTE
    ../clib/stdlib.c                         0x00000000   Number         0  atexit_cpp.o ABSOLUTE
    ../fplib/daddsub.s                       0x00000000   Number         0  daddsub_clz.o ABSOLUTE
    ../fplib/dcmpi.s                         0x00000000   Number         0  dcmpi.o ABSOLUTE
    ../fplib/ddiv.s                          0x00000000   Number         0  ddiv.o ABSOLUTE
    ../fplib/dfixu.s                         0x00000000   Number         0  dfixu.o ABSOLUTE
    ../fplib/dflt.s                          0x00000000   Number         0  dflt_clz.o ABSOLUTE
    ../fplib/dleqf.s                         0x00000000   Number         0  dleqf.o ABSOLUTE
    ../fplib/dmul.s                          0x00000000   Number         0  dmul.o ABSOLUTE
    ../fplib/dnaninf.s                       0x00000000   Number         0  dnaninf.o ABSOLUTE
    ../fplib/dretinf.s                       0x00000000   Number         0  dretinf.o ABSOLUTE
    ../fplib/drleqf.s                        0x00000000   Number         0  drleqf.o ABSOLUTE
    ../fplib/fpinit.s                        0x00000000   Number         0  fpinit.o ABSOLUTE
    ../fplib/usenofp.s                       0x00000000   Number         0  usenofp.o ABSOLUTE
    D:\Keil5\ARM\PACK\Keil\STM32F1xx_DFP\2.0.0\Device\StdPeriph_Driver\src\misc.c 0x00000000   Number         0  misc.o ABSOLUTE
    D:\Keil5\ARM\PACK\Keil\STM32F1xx_DFP\2.0.0\Device\StdPeriph_Driver\src\stm32f10x_dma.c 0x00000000   Number         0  stm32f10x_dma.o ABSOLUTE
    D:\Keil5\ARM\PACK\Keil\STM32F1xx_DFP\2.0.0\Device\StdPeriph_Driver\src\stm32f10x_exti.c 0x00000000   Number         0  stm32f10x_exti.o ABSOLUTE
    D:\Keil5\ARM\PACK\Keil\STM32F1xx_DFP\2.0.0\Device\StdPeriph_Driver\src\stm32f10x_gpio.c 0x00000000   Number         0  stm32f10x_gpio.o ABSOLUTE
    D:\Keil5\ARM\PACK\Keil\STM32F1xx_DFP\2.0.0\Device\StdPeriph_Driver\src\stm32f10x_rcc.c 0x00000000   Number         0  stm32f10x_rcc.o ABSOLUTE
    D:\Keil5\ARM\PACK\Keil\STM32F1xx_DFP\2.0.0\Device\StdPeriph_Driver\src\stm32f10x_usart.c 0x00000000   Number         0  stm32f10x_usart.o ABSOLUTE
    D:\\Keil5\\ARM\\PACK\\Keil\\STM32F1xx_DFP\\2.0.0\\Device\\StdPeriph_Driver\\src\\misc.c 0x00000000   Number         0  misc.o ABSOLUTE
    D:\\Keil5\\ARM\\PACK\\Keil\\STM32F1xx_DFP\\2.0.0\\Device\\StdPeriph_Driver\\src\\stm32f10x_dma.c 0x00000000   Number         0  stm32f10x_dma.o ABSOLUTE
    D:\\Keil5\\ARM\\PACK\\Keil\\STM32F1xx_DFP\\2.0.0\\Device\\StdPeriph_Driver\\src\\stm32f10x_exti.c 0x00000000   Number         0  stm32f10x_exti.o ABSOLUTE
    D:\\Keil5\\ARM\\PACK\\Keil\\STM32F1xx_DFP\\2.0.0\\Device\\StdPeriph_Driver\\src\\stm32f10x_gpio.c 0x00000000   Number         0  stm32f10x_gpio.o ABSOLUTE
    D:\\Keil5\\ARM\\PACK\\Keil\\STM32F1xx_DFP\\2.0.0\\Device\\StdPeriph_Driver\\src\\stm32f10x_rcc.c 0x00000000   Number         0  stm32f10x_rcc.o ABSOLUTE
    D:\\Keil5\\ARM\\PACK\\Keil\\STM32F1xx_DFP\\2.0.0\\Device\\StdPeriph_Driver\\src\\stm32f10x_usart.c 0x00000000   Number         0  stm32f10x_usart.o ABSOLUTE
    Lib\Interrupt.cpp                        0x00000000   Number         0  interrupt.o ABSOLUTE
    Lib\TaskManager.cpp                      0x00000000   Number         0  taskmanager.o ABSOLUTE
    Lib\USART.cpp                            0x00000000   Number         0  usart.o ABSOLUTE
    Lib\\Interrupt.cpp                       0x00000000   Number         0  interrupt.o ABSOLUTE
    Lib\\TaskManager.cpp                     0x00000000   Number         0  taskmanager.o ABSOLUTE
    Lib\\USART.cpp                           0x00000000   Number         0  usart.o ABSOLUTE
    RTE\Device\STM32F103C8\startup_stm32f10x_md.s 0x00000000   Number         0  startup_stm32f10x_md.o ABSOLUTE
    RTE\Device\STM32F103C8\system_stm32f10x.c 0x00000000   Number         0  system_stm32f10x.o ABSOLUTE
    RTE\\Device\\STM32F103C8\\system_stm32f10x.c 0x00000000   Number         0  system_stm32f10x.o ABSOLUTE
    User\MFRC522.cpp                         0x00000000   Number         0  mfrc522.o ABSOLUTE
    User\\MFRC522.cpp                        0x00000000   Number         0  mfrc522.o ABSOLUTE
    User\\main.cpp                           0x00000000   Number         0  main.o ABSOLUTE
    User\main.cpp                            0x00000000   Number         0  main.o ABSOLUTE
    dc.s                                     0x00000000   Number         0  dc.o ABSOLUTE
    RESET                                    0x08000000   Section      236  startup_stm32f10x_md.o(RESET)
    !!!main                                  0x080000ec   Section        8  __main.o(!!!main)
    !!!scatter                               0x080000f4   Section       52  __scatter.o(!!!scatter)
    !!handler_copy                           0x08000128   Section       26  __scatter_copy.o(!!handler_copy)
    !!handler_zi                             0x08000144   Section       28  __scatter_zi.o(!!handler_zi)
    .ARM.Collect$$libinit$$00000000          0x08000160   Section        2  libinit.o(.ARM.Collect$$libinit$$00000000)
    .ARM.Collect$$libinit$$00000002          0x08000162   Section        0  libinit2.o(.ARM.Collect$$libinit$$00000002)
    .ARM.Collect$$libinit$$00000004          0x08000162   Section        0  libinit2.o(.ARM.Collect$$libinit$$00000004)
    .ARM.Collect$$libinit$$00000005          0x08000162   Section        8  libinit2.o(.ARM.Collect$$libinit$$00000005)
    .ARM.Collect$$libinit$$0000000A          0x0800016a   Section        0  libinit2.o(.ARM.Collect$$libinit$$0000000A)
    .ARM.Collect$$libinit$$0000000C          0x0800016a   Section        0  libinit2.o(.ARM.Collect$$libinit$$0000000C)
    .ARM.Collect$$libinit$$0000000E          0x0800016a   Section        0  libinit2.o(.ARM.Collect$$libinit$$0000000E)
    .ARM.Collect$$libinit$$00000011          0x0800016a   Section        0  libinit2.o(.ARM.Collect$$libinit$$00000011)
    .ARM.Collect$$libinit$$00000013          0x0800016a   Section        0  libinit2.o(.ARM.Collect$$libinit$$00000013)
    .ARM.Collect$$libinit$$00000015          0x0800016a   Section        0  libinit2.o(.ARM.Collect$$libinit$$00000015)
    .ARM.Collect$$libinit$$00000017          0x0800016a   Section        0  libinit2.o(.ARM.Collect$$libinit$$00000017)
    .ARM.Collect$$libinit$$00000019          0x0800016a   Section        0  libinit2.o(.ARM.Collect$$libinit$$00000019)
    .ARM.Collect$$libinit$$0000001B          0x0800016a   Section        0  libinit2.o(.ARM.Collect$$libinit$$0000001B)
    .ARM.Collect$$libinit$$0000001D          0x0800016a   Section        0  libinit2.o(.ARM.Collect$$libinit$$0000001D)
    .ARM.Collect$$libinit$$0000001F          0x0800016a   Section        0  libinit2.o(.ARM.Collect$$libinit$$0000001F)
    .ARM.Collect$$libinit$$00000021          0x0800016a   Section        0  libinit2.o(.ARM.Collect$$libinit$$00000021)
    .ARM.Collect$$libinit$$00000023          0x0800016a   Section        0  libinit2.o(.ARM.Collect$$libinit$$00000023)
    .ARM.Collect$$libinit$$00000025          0x0800016a   Section        0  libinit2.o(.ARM.Collect$$libinit$$00000025)
    .ARM.Collect$$libinit$$0000002C          0x0800016a   Section        0  libinit2.o(.ARM.Collect$$libinit$$0000002C)
    .ARM.Collect$$libinit$$0000002E          0x0800016a   Section        0  libinit2.o(.ARM.Collect$$libinit$$0000002E)
    .ARM.Collect$$libinit$$00000030          0x0800016a   Section        0  libinit2.o(.ARM.Collect$$libinit$$00000030)
    .ARM.Collect$$libinit$$00000031          0x0800016a   Section        4  libinit2.o(.ARM.Collect$$libinit$$00000031)
    .ARM.Collect$$libinit$$00000032          0x0800016e   Section        0  libinit2.o(.ARM.Collect$$libinit$$00000032)
    .ARM.Collect$$libinit$$00000033          0x0800016e   Section        2  libinit2.o(.ARM.Collect$$libinit$$00000033)
    .ARM.Collect$$libshutdown$$00000000      0x08000170   Section        2  libshutdown.o(.ARM.Collect$$libshutdown$$00000000)
    .ARM.Collect$$libshutdown$$00000001      0x08000172   Section        6  libshutdown2.o(.ARM.Collect$$libshutdown$$00000001)
    .ARM.Collect$$libshutdown$$00000003      0x08000178   Section        0  libshutdown2.o(.ARM.Collect$$libshutdown$$00000003)
    .ARM.Collect$$libshutdown$$00000006      0x08000178   Section        0  libshutdown2.o(.ARM.Collect$$libshutdown$$00000006)
    .ARM.Collect$$libshutdown$$00000009      0x08000178   Section        0  libshutdown2.o(.ARM.Collect$$libshutdown$$00000009)
    .ARM.Collect$$libshutdown$$0000000B      0x08000178   Section        0  libshutdown2.o(.ARM.Collect$$libshutdown$$0000000B)
    .ARM.Collect$$libshutdown$$0000000E      0x08000178   Section        0  libshutdown2.o(.ARM.Collect$$libshutdown$$0000000E)
    .ARM.Collect$$libshutdown$$0000000F      0x08000178   Section        2  libshutdown2.o(.ARM.Collect$$libshutdown$$0000000F)
    .ARM.Collect$$rtentry$$00000000          0x0800017a   Section        0  __rtentry.o(.ARM.Collect$$rtentry$$00000000)
    .ARM.Collect$$rtentry$$00000002          0x0800017a   Section        0  __rtentry2.o(.ARM.Collect$$rtentry$$00000002)
    .ARM.Collect$$rtentry$$00000004          0x0800017a   Section        6  __rtentry4.o(.ARM.Collect$$rtentry$$00000004)
    .ARM.Collect$$rtentry$$00000009          0x08000180   Section        0  __rtentry2.o(.ARM.Collect$$rtentry$$00000009)
    .ARM.Collect$$rtentry$$0000000A          0x08000180   Section        4  __rtentry2.o(.ARM.Collect$$rtentry$$0000000A)
    .ARM.Collect$$rtentry$$0000000C          0x08000184   Section        0  __rtentry2.o(.ARM.Collect$$rtentry$$0000000C)
    .ARM.Collect$$rtentry$$0000000D          0x08000184   Section        8  __rtentry2.o(.ARM.Collect$$rtentry$$0000000D)
    .ARM.Collect$$rtexit$$00000000           0x0800018c   Section        2  rtexit.o(.ARM.Collect$$rtexit$$00000000)
    .ARM.Collect$$rtexit$$00000002           0x0800018e   Section        0  rtexit2.o(.ARM.Collect$$rtexit$$00000002)
    .ARM.Collect$$rtexit$$00000003           0x0800018e   Section        4  rtexit2.o(.ARM.Collect$$rtexit$$00000003)
    .ARM.Collect$$rtexit$$00000004           0x08000192   Section        6  rtexit2.o(.ARM.Collect$$rtexit$$00000004)
    .emb_text                                0x08000198   Section        0  maybetermalloc1.o(.emb_text)
    .text                                    0x08000198   Section        0  main.o(.text)
    __sti___8_main_cpp_f786e084              0x08000517   Thumb Code    58  main.o(.text)
    .text                                    0x08000594   Section        0  usart.o(.text)
    .text                                    0x08000e0c   Section        0  interrupt.o(.text)
    .text                                    0x08000e84   Section        0  taskmanager.o(.text)
    __sti___15_TaskManager_cpp_tskmgr        0x08000ff1   Thumb Code    10  taskmanager.o(.text)
    .text                                    0x08001028   Section        0  mfrc522.o(.text)
    __sti___11_MFRC522_cpp_ef1bbdbc          0x08001685   Thumb Code    64  mfrc522.o(.text)
    .text                                    0x080016d4   Section        0  misc.o(.text)
    .text                                    0x080017b0   Section        0  stm32f10x_dma.o(.text)
    .text                                    0x08001a04   Section        0  stm32f10x_gpio.o(.text)
    .text                                    0x08001d60   Section        0  stm32f10x_rcc.o(.text)
    .text                                    0x08002104   Section        0  stm32f10x_usart.o(.text)
    .text                                    0x0800250c   Section       64  startup_stm32f10x_md.o(.text)
    .text                                    0x0800254c   Section        0  system_stm32f10x.o(.text)
    SetSysClockTo72                          0x0800254d   Thumb Code   214  system_stm32f10x.o(.text)
    SetSysClock                              0x08002623   Thumb Code     8  system_stm32f10x.o(.text)
    .text                                    0x0800272c   Section        0  heapauxi.o(.text)
    .text                                    0x08002734   Section        0  init_aeabi.o(.text)
    .text                                    0x08002758   Section        8  rt_ddtor_pointer_addr_intlibspace.o(.text)
    .text                                    0x08002760   Section        0  h1_alloc.o(.text)
    .text                                    0x080027c0   Section        8  libspace.o(.text)
    .text                                    0x080027c8   Section        8  rt_heap_descriptor_intlibspace.o(.text)
    .text                                    0x080027d0   Section        0  hguard.o(.text)
    .text                                    0x080027d4   Section        0  init_alloc.o(.text)
    .text                                    0x0800285e   Section        0  h1_init.o(.text)
    .text                                    0x0800286c   Section        0  h1_free.o(.text)
    .text                                    0x080028ba   Section       74  sys_stackheap_outer.o(.text)
    .text                                    0x08002904   Section        0  h1_extend.o(.text)
    .text                                    0x08002938   Section        0  exit.o(.text)
    .text                                    0x08002944   Section        0  defsig_rtmem_outer.o(.text)
    .text                                    0x08002952   Section        2  use_no_semi.o(.text)
    .text                                    0x08002954   Section        0  defsig_exit.o(.text)
    .text                                    0x08002954   Section        0  indicate_semi.o(.text)
    .text                                    0x08002960   Section        0  defsig_rtmem_inner.o(.text)
    .text                                    0x080029b0   Section        0  sys_exit.o(.text)
    .text                                    0x080029bc   Section        0  defsig_general.o(.text)
    .text                                    0x080029ee   Section        0  sys_wrch.o(.text)
    i.__aeabi_atexit                         0x080029fc   Section        0  aeabi_atexit.o(i.__aeabi_atexit)
    i.__cxa_finalize                         0x08002a2e   Section        0  cxa_finalize.o(i.__cxa_finalize)
    t._ZN10FIFOBufferIhLt200EE3GetERh        0x08002a70   Section        0  usart.o(t._ZN10FIFOBufferIhLt200EE3GetERh)
    t._ZN10FIFOBufferIhLt200EE3PutERKh       0x08002aae   Section        0  usart.o(t._ZN10FIFOBufferIhLt200EE3PutERKh)
    t._ZN10FIFOBufferIhLt200EE4GetsEPht      0x08002af2   Section        0  usart.o(t._ZN10FIFOBufferIhLt200EE4GetsEPht)
    t._ZN10FIFOBufferIhLt200EE4PutsEPht      0x08002b3e   Section        0  usart.o(t._ZN10FIFOBufferIhLt200EE4PutsEPht)
    t._ZN10FIFOBufferIhLt200EE4SizeEv        0x08002b90   Section        0  usart.o(t._ZN10FIFOBufferIhLt200EE4SizeEv)
    t._ZN10FIFOBufferIhLt200EE5ClearEv       0x08002b98   Section        0  usart.o(t._ZN10FIFOBufferIhLt200EE5ClearEv)
    t._ZN10FIFOBufferIhLt200EEC1Ev           0x08002ba6   Section        0  usart.o(t._ZN10FIFOBufferIhLt200EEC1Ev)
    x$fpl$dadd                               0x08002bb8   Section      336  daddsub_clz.o(x$fpl$dadd)
    _dadd1                                   0x08002bc9   Thumb Code     0  daddsub_clz.o(x$fpl$dadd)
    x$fpl$dcmpinf                            0x08002d08   Section       24  dcmpi.o(x$fpl$dcmpinf)
    x$fpl$ddiv                               0x08002d20   Section      688  ddiv.o(x$fpl$ddiv)
    ddiv_entry                               0x08002d27   Thumb Code     0  ddiv.o(x$fpl$ddiv)
    x$fpl$dfixu                              0x08002fd0   Section       90  dfixu.o(x$fpl$dfixu)
    x$fpl$dfltu                              0x0800302a   Section       38  dflt_clz.o(x$fpl$dfltu)
    x$fpl$dleqf                              0x08003050   Section      120  dleqf.o(x$fpl$dleqf)
    x$fpl$dmul                               0x080030c8   Section      340  dmul.o(x$fpl$dmul)
    x$fpl$dnaninf                            0x0800321c   Section      156  dnaninf.o(x$fpl$dnaninf)
    x$fpl$dretinf                            0x080032b8   Section       12  dretinf.o(x$fpl$dretinf)
    x$fpl$drleqf                             0x080032c4   Section      108  drleqf.o(x$fpl$drleqf)
    x$fpl$dsub                               0x08003330   Section      468  daddsub_clz.o(x$fpl$dsub)
    _dsub1                                   0x08003341   Thumb Code     0  daddsub_clz.o(x$fpl$dsub)
    x$fpl$usenofp                            0x08003504   Section        0  usenofp.o(x$fpl$usenofp)
    .init_array                              0x08003524   Section        4  main.o(.init_array)
    .init_array                              0x08003528   Section        4  taskmanager.o(.init_array)
    .init_array                              0x0800352c   Section        4  mfrc522.o(.init_array)
    .init_array                              0x08003530   Section        0  init_aeabi.o(.init_array)
    .data                                    0x20000000   Section       56  main.o(.data)
    .data                                    0x20000038   Section        3  usart.o(.data)
    dataToSend                               0x20000038   Data           1  usart.o(.data)
    dataToSend                               0x20000039   Data           1  usart.o(.data)
    dataToSend                               0x2000003a   Data           1  usart.o(.data)
    .data                                    0x2000003c   Section       12  interrupt.o(.data)
    .data                                    0x20000048   Section       24  taskmanager.o(.data)
    newT                                     0x20000050   Data           8  taskmanager.o(.data)
    oldT                                     0x20000058   Data           8  taskmanager.o(.data)
    .data                                    0x20000060   Section       20  stm32f10x_rcc.o(.data)
    APBAHBPrescTable                         0x20000060   Data          16  stm32f10x_rcc.o(.data)
    ADCPrescTable                            0x20000070   Data           4  stm32f10x_rcc.o(.data)
    .data                                    0x20000074   Section       20  system_stm32f10x.o(.data)
    .bss                                     0x20000088   Section      684  main.o(.bss)
    .bss                                     0x20000334   Section      477  mfrc522.o(.bss)
    .bss                                     0x20000514   Section       96  libspace.o(.bss)
    HEAP                                     0x20000578   Section      512  startup_stm32f10x_md.o(HEAP)
    Heap_Mem                                 0x20000578   Data         512  startup_stm32f10x_md.o(HEAP)
    STACK                                    0x20000778   Section     1024  startup_stm32f10x_md.o(STACK)
    Stack_Mem                                0x20000778   Data        1024  startup_stm32f10x_md.o(STACK)
    __initial_sp                             0x20000b78   Data           0  startup_stm32f10x_md.o(STACK)

    Global Symbols

    Symbol Name                              Value     Ov Type        Size  Object(Section)

    BuildAttributes$$THM_ISAv4$P$D$K$B$S$PE$A:L22UL41UL21$X:L11$S22US41US21$IEEE1$IW$USESV6$~STKCKD$USESV7$~SHL$OTIME$ROPI$EBA8$UX$STANDARDLIB$REQ8$PRES8$EABIv2 0x00000000   Number         0  anon$$obj.o ABSOLUTE
    __ARM_use_no_argv                        0x00000000   Number         0  main.o ABSOLUTE
    __ARM_exceptions_init                     - Undefined Weak Reference
    __alloca_initialize                       - Undefined Weak Reference
    __arm_preinit_                            - Undefined Weak Reference
    __rt_locale                               - Undefined Weak Reference
    __sigvec_lookup                           - Undefined Weak Reference
    __user_heap_extent                        - Undefined Weak Reference
    _atexit_init                              - Undefined Weak Reference
    _call_atexit_fns                          - Undefined Weak Reference
    _clock_init                               - Undefined Weak Reference
    _fp_trap_init                             - Undefined Weak Reference
    _fp_trap_shutdown                         - Undefined Weak Reference
    _get_lc_collate                           - Undefined Weak Reference
    _get_lc_ctype                             - Undefined Weak Reference
    _get_lc_monetary                          - Undefined Weak Reference
    _get_lc_numeric                           - Undefined Weak Reference
    _get_lc_time                              - Undefined Weak Reference
    _getenv_init                              - Undefined Weak Reference
    _handle_redirection                       - Undefined Weak Reference
    _initio                                   - Undefined Weak Reference
    _mutex_acquire                            - Undefined Weak Reference
    _mutex_free                               - Undefined Weak Reference
    _mutex_release                            - Undefined Weak Reference
    _rand_init                                - Undefined Weak Reference
    _signal_finish                            - Undefined Weak Reference
    _signal_init                              - Undefined Weak Reference
    _terminateio                              - Undefined Weak Reference
    __Vectors_Size                           0x000000ec   Number         0  startup_stm32f10x_md.o ABSOLUTE
    __Vectors                                0x08000000   Data           4  startup_stm32f10x_md.o(RESET)
    __dso_handle                             0x08000000   Number         0  startup_stm32f10x_md.o(RESET)
    __Vectors_End                            0x080000ec   Data           0  startup_stm32f10x_md.o(RESET)
    __main                                   0x080000ed   Thumb Code     8  __main.o(!!!main)
    __scatterload                            0x080000f5   Thumb Code     0  __scatter.o(!!!scatter)
    __scatterload_rt2                        0x080000f5   Thumb Code    44  __scatter.o(!!!scatter)
    __scatterload_rt2_thumb_only             0x080000f5   Thumb Code     0  __scatter.o(!!!scatter)
    __scatterload_null                       0x08000103   Thumb Code     0  __scatter.o(!!!scatter)
    __scatterload_copy                       0x08000129   Thumb Code    26  __scatter_copy.o(!!handler_copy)
    __scatterload_zeroinit                   0x08000145   Thumb Code    28  __scatter_zi.o(!!handler_zi)
    __rt_lib_init                            0x08000161   Thumb Code     0  libinit.o(.ARM.Collect$$libinit$$00000000)
    __rt_lib_init_fp_1                       0x08000163   Thumb Code     0  libinit2.o(.ARM.Collect$$libinit$$00000002)
    __rt_lib_init_heap_2                     0x08000163   Thumb Code     0  libinit2.o(.ARM.Collect$$libinit$$00000005)
    __rt_lib_init_preinit_1                  0x08000163   Thumb Code     0  libinit2.o(.ARM.Collect$$libinit$$00000004)
    __rt_lib_init_alloca_1                   0x0800016b   Thumb Code     0  libinit2.o(.ARM.Collect$$libinit$$0000002E)
    __rt_lib_init_argv_1                     0x0800016b   Thumb Code     0  libinit2.o(.ARM.Collect$$libinit$$0000002C)
    __rt_lib_init_atexit_1                   0x0800016b   Thumb Code     0  libinit2.o(.ARM.Collect$$libinit$$0000001B)
    __rt_lib_init_clock_1                    0x0800016b   Thumb Code     0  libinit2.o(.ARM.Collect$$libinit$$00000021)
    __rt_lib_init_cpp_2                      0x0800016b   Thumb Code     0  libinit2.o(.ARM.Collect$$libinit$$00000031)
    __rt_lib_init_exceptions_1               0x0800016b   Thumb Code     0  libinit2.o(.ARM.Collect$$libinit$$00000030)
    __rt_lib_init_fp_trap_1                  0x0800016b   Thumb Code     0  libinit2.o(.ARM.Collect$$libinit$$0000001F)
    __rt_lib_init_getenv_1                   0x0800016b   Thumb Code     0  libinit2.o(.ARM.Collect$$libinit$$00000023)
    __rt_lib_init_heap_1                     0x0800016b   Thumb Code     0  libinit2.o(.ARM.Collect$$libinit$$0000000A)
    __rt_lib_init_lc_collate_1               0x0800016b   Thumb Code     0  libinit2.o(.ARM.Collect$$libinit$$00000011)
    __rt_lib_init_lc_ctype_1                 0x0800016b   Thumb Code     0  libinit2.o(.ARM.Collect$$libinit$$00000013)
    __rt_lib_init_lc_monetary_1              0x0800016b   Thumb Code     0  libinit2.o(.ARM.Collect$$libinit$$00000015)
    __rt_lib_init_lc_numeric_1               0x0800016b   Thumb Code     0  libinit2.o(.ARM.Collect$$libinit$$00000017)
    __rt_lib_init_lc_time_1                  0x0800016b   Thumb Code     0  libinit2.o(.ARM.Collect$$libinit$$00000019)
    __rt_lib_init_rand_1                     0x0800016b   Thumb Code     0  libinit2.o(.ARM.Collect$$libinit$$0000000E)
    __rt_lib_init_signal_1                   0x0800016b   Thumb Code     0  libinit2.o(.ARM.Collect$$libinit$$0000001D)
    __rt_lib_init_stdio_1                    0x0800016b   Thumb Code     0  libinit2.o(.ARM.Collect$$libinit$$00000025)
    __rt_lib_init_user_alloc_1               0x0800016b   Thumb Code     0  libinit2.o(.ARM.Collect$$libinit$$0000000C)
    __rt_lib_init_cpp_1                      0x0800016f   Thumb Code     0  libinit2.o(.ARM.Collect$$libinit$$00000032)
    __rt_lib_init_return                     0x0800016f   Thumb Code     0  libinit2.o(.ARM.Collect$$libinit$$00000033)
    __rt_lib_shutdown                        0x08000171   Thumb Code     0  libshutdown.o(.ARM.Collect$$libshutdown$$00000000)
    __rt_lib_shutdown_cpp_1                  0x08000173   Thumb Code     0  libshutdown2.o(.ARM.Collect$$libshutdown$$00000001)
    __rt_lib_shutdown_fp_trap_1              0x08000179   Thumb Code     0  libshutdown2.o(.ARM.Collect$$libshutdown$$00000006)
    __rt_lib_shutdown_heap_1                 0x08000179   Thumb Code     0  libshutdown2.o(.ARM.Collect$$libshutdown$$0000000E)
    __rt_lib_shutdown_return                 0x08000179   Thumb Code     0  libshutdown2.o(.ARM.Collect$$libshutdown$$0000000F)
    __rt_lib_shutdown_signal_1               0x08000179   Thumb Code     0  libshutdown2.o(.ARM.Collect$$libshutdown$$00000009)
    __rt_lib_shutdown_stdio_1                0x08000179   Thumb Code     0  libshutdown2.o(.ARM.Collect$$libshutdown$$00000003)
    __rt_lib_shutdown_user_alloc_1           0x08000179   Thumb Code     0  libshutdown2.o(.ARM.Collect$$libshutdown$$0000000B)
    __rt_entry                               0x0800017b   Thumb Code     0  __rtentry.o(.ARM.Collect$$rtentry$$00000000)
    __rt_entry_presh_1                       0x0800017b   Thumb Code     0  __rtentry2.o(.ARM.Collect$$rtentry$$00000002)
    __rt_entry_sh                            0x0800017b   Thumb Code     0  __rtentry4.o(.ARM.Collect$$rtentry$$00000004)
    __rt_entry_li                            0x08000181   Thumb Code     0  __rtentry2.o(.ARM.Collect$$rtentry$$0000000A)
    __rt_entry_postsh_1                      0x08000181   Thumb Code     0  __rtentry2.o(.ARM.Collect$$rtentry$$00000009)
    __rt_entry_main                          0x08000185   Thumb Code     0  __rtentry2.o(.ARM.Collect$$rtentry$$0000000D)
    __rt_entry_postli_1                      0x08000185   Thumb Code     0  __rtentry2.o(.ARM.Collect$$rtentry$$0000000C)
    __rt_exit                                0x0800018d   Thumb Code     0  rtexit.o(.ARM.Collect$$rtexit$$00000000)
    __rt_exit_ls                             0x0800018f   Thumb Code     0  rtexit2.o(.ARM.Collect$$rtexit$$00000003)
    __rt_exit_prels_1                        0x0800018f   Thumb Code     0  rtexit2.o(.ARM.Collect$$rtexit$$00000002)
    __rt_exit_exit                           0x08000193   Thumb Code     0  rtexit2.o(.ARM.Collect$$rtexit$$00000004)
    checkSum(unsigned char*, char)           0x08000199   Thumb Code    28  main.o(.text)
    _maybe_terminate_alloc                   0x08000199   Thumb Code     0  maybetermalloc1.o(.emb_text)
    checkSumIsOk(unsigned char*, char)       0x080001b5   Thumb Code    40  main.o(.text)
    initSendDataBuffer(unsigned char)        0x080001dd   Thumb Code    78  main.o(.text)
    initSendbackDataBuffer(unsigned char, unsigned char) 0x0800022b   Thumb Code    86  main.o(.text)
    CheckBlock(unsigned char&)               0x08000281   Thumb Code    50  main.o(.text)
    MakeSendDataToCardBuffer(unsigned char*) 0x080002b3   Thumb Code   138  main.o(.text)
    main                                     0x0800033d   Thumb Code   474  main.o(.text)
    fun()                                    0x08000595   Thumb Code     2  usart.o(.text)
    USART::~USART()                          0x08000597   Thumb Code    54  usart.o(.text)
    USART::~USART__sub_object()              0x08000597   Thumb Code     0  usart.o(.text)
    USART::USART(unsigned char, unsigned, bool, unsigned char, unsigned char, unsigned char, unsigned char, unsigned char, unsigned short, unsigned short, unsigned short) 0x080005cd   Thumb Code   882  usart.o(.text)
    USART::USART__sub_object(unsigned char, unsigned, bool, unsigned char, unsigned char, unsigned char, unsigned char, unsigned char, unsigned short, unsigned short, unsigned short) 0x080005cd   Thumb Code     0  usart.o(.text)
    USART::SendData(unsigned char*, unsigned) 0x0800093f   Thumb Code   264  usart.o(.text)
    USART::GetReceivedData(unsigned char*, unsigned short) 0x08000a47   Thumb Code    40  usart.o(.text)
    USART::SetBaudRate(unsigned)             0x08000a6f   Thumb Code   168  usart.o(.text)
    USART::ReceiveBufferSize()               0x08000b17   Thumb Code    14  usart.o(.text)
    USART::ClearReceiveBuffer()              0x08000b25   Thumb Code    14  usart.o(.text)
    USART::ClearSendBuffer()                 0x08000b33   Thumb Code    12  usart.o(.text)
    USART::Irq()                             0x08000b3f   Thumb Code   200  usart.o(.text)
    USART::DmaIrq()                          0x08000c07   Thumb Code   136  usart.o(.text)
    USART::operator <<(int)                  0x08000c8f   Thumb Code    94  usart.o(.text)
    USART::operator <<(double)               0x08000ced   Thumb Code   198  usart.o(.text)
    USART::Setprecision(unsigned char)       0x08000db3   Thumb Code     6  usart.o(.text)
    USART::operator <<(const char*)          0x08000db9   Thumb Code    36  usart.o(.text)
    USART::operator <<(char)                 0x08000ddd   Thumb Code    18  usart.o(.text)
    USART::UseDma()                          0x08000def   Thumb Code     8  usart.o(.text)
    USART1_IRQHandler                        0x08000e0d   Thumb Code    18  interrupt.o(.text)
    USART2_IRQHandler                        0x08000e1f   Thumb Code    18  interrupt.o(.text)
    USART3_IRQHandler                        0x08000e31   Thumb Code    18  interrupt.o(.text)
    DMA1_Channel4_IRQHandler                 0x08000e43   Thumb Code    18  interrupt.o(.text)
    DMA1_Channel7_IRQHandler                 0x08000e55   Thumb Code    18  interrupt.o(.text)
    DMA1_Channel2_IRQHandler                 0x08000e67   Thumb Code    18  interrupt.o(.text)
    SysTick_Handler                          0x08000e85   Thumb Code    12  taskmanager.o(.text)
    TaskManager::TaskManager()               0x08000e91   Thumb Code    32  taskmanager.o(.text)
    TaskManager::TaskManager__sub_object()   0x08000e91   Thumb Code     0  taskmanager.o(.text)
    TaskManager::Time()                      0x08000eb1   Thumb Code   120  taskmanager.o(.text)
    TaskManager::DelayUs(unsigned short)     0x08000f29   Thumb Code    70  taskmanager.o(.text)
    TaskManager::DelayMs(unsigned short)     0x08000f6f   Thumb Code    70  taskmanager.o(.text)
    TaskManager::DelayS(unsigned short)      0x08000fb5   Thumb Code    60  taskmanager.o(.text)
    MFRC522::MFRC522()                       0x08001029   Thumb Code     2  mfrc522.o(.text)
    MFRC522::MFRC522__sub_object()           0x08001029   Thumb Code     0  mfrc522.o(.text)
    MFRC522::writeMFRC522(unsigned char, unsigned char) 0x0800102b   Thumb Code    88  mfrc522.o(.text)
    MFRC522::reset()                         0x08001083   Thumb Code    16  mfrc522.o(.text)
    MFRC522::init()                          0x08001093   Thumb Code    72  mfrc522.o(.text)
    MFRC522::readMFRC522(unsigned char)      0x080010db   Thumb Code    66  mfrc522.o(.text)
    MFRC522::setBitMask(unsigned char, unsigned char) 0x0800111d   Thumb Code    36  mfrc522.o(.text)
    MFRC522::clearBitMask(unsigned char, unsigned char) 0x08001141   Thumb Code    36  mfrc522.o(.text)
    MFRC522::MFRC522ToCard(unsigned char, unsigned char*, unsigned char, unsigned char*, unsigned*) 0x08001165   Thumb Code   348  mfrc522.o(.text)
    MFRC522::MFRC522Request(unsigned char, unsigned char*) 0x080012c1   Thumb Code    54  mfrc522.o(.text)
    MFRC522::isCard()                        0x080012f7   Thumb Code    28  mfrc522.o(.text)
    MFRC522::anticoll(unsigned char*)        0x08001313   Thumb Code    80  mfrc522.o(.text)
    MFRC522::readCardSerial()                0x08001363   Thumb Code    36  mfrc522.o(.text)
    MFRC522::antennaOn()                     0x08001387   Thumb Code    32  mfrc522.o(.text)
    MFRC522::antennaOff()                    0x080013a7   Thumb Code    32  mfrc522.o(.text)
    MFRC522::calculateCRC(unsigned char*, unsigned char, unsigned char*) 0x080013c7   Thumb Code   130  mfrc522.o(.text)
    MFRC522::halt()                          0x08001449   Thumb Code    54  mfrc522.o(.text)
    MFRC522::haltselect(unsigned char*)      0x0800147f   Thumb Code    86  mfrc522.o(.text)
    MFRC522::selectTag(unsigned char*)       0x080014d5   Thumb Code   102  mfrc522.o(.text)
    MFRC522::auth(unsigned char, unsigned char, unsigned char*, unsigned char*) 0x0800153b   Thumb Code   106  mfrc522.o(.text)
    MFRC522::read(unsigned char, unsigned char*) 0x080015a5   Thumb Code    60  mfrc522.o(.text)
    MFRC522::write(unsigned char, unsigned char*) 0x080015e1   Thumb Code   164  mfrc522.o(.text)
    NVIC_PriorityGroupConfig                 0x080016d5   Thumb Code    10  misc.o(.text)
    NVIC_Init                                0x080016df   Thumb Code   100  misc.o(.text)
    NVIC_SetVectorTable                      0x08001743   Thumb Code    14  misc.o(.text)
    NVIC_SystemLPConfig                      0x08001751   Thumb Code    34  misc.o(.text)
    SysTick_CLKSourceConfig                  0x08001773   Thumb Code    40  misc.o(.text)
    DMA_DeInit                               0x080017b1   Thumb Code   324  stm32f10x_dma.o(.text)
    DMA_Init                                 0x080018f5   Thumb Code    60  stm32f10x_dma.o(.text)
    DMA_StructInit                           0x08001931   Thumb Code    26  stm32f10x_dma.o(.text)
    DMA_Cmd                                  0x0800194b   Thumb Code    24  stm32f10x_dma.o(.text)
    DMA_ITConfig                             0x08001963   Thumb Code    18  stm32f10x_dma.o(.text)
    DMA_SetCurrDataCounter                   0x08001975   Thumb Code     4  stm32f10x_dma.o(.text)
    DMA_GetCurrDataCounter                   0x08001979   Thumb Code     8  stm32f10x_dma.o(.text)
    DMA_GetFlagStatus                        0x08001981   Thumb Code    40  stm32f10x_dma.o(.text)
    DMA_ClearFlag                            0x080019a9   Thumb Code    22  stm32f10x_dma.o(.text)
    DMA_GetITStatus                          0x080019bf   Thumb Code    40  stm32f10x_dma.o(.text)
    DMA_ClearITPendingBit                    0x080019e7   Thumb Code    22  stm32f10x_dma.o(.text)
    GPIO_DeInit                              0x08001a05   Thumb Code   172  stm32f10x_gpio.o(.text)
    GPIO_AFIODeInit                          0x08001ab1   Thumb Code    20  stm32f10x_gpio.o(.text)
    GPIO_Init                                0x08001ac5   Thumb Code   278  stm32f10x_gpio.o(.text)
    GPIO_StructInit                          0x08001bdb   Thumb Code    16  stm32f10x_gpio.o(.text)
    GPIO_ReadInputDataBit                    0x08001beb   Thumb Code    18  stm32f10x_gpio.o(.text)
    GPIO_ReadInputData                       0x08001bfd   Thumb Code     8  stm32f10x_gpio.o(.text)
    GPIO_ReadOutputDataBit                   0x08001c05   Thumb Code    18  stm32f10x_gpio.o(.text)
    GPIO_ReadOutputData                      0x08001c17   Thumb Code     8  stm32f10x_gpio.o(.text)
    GPIO_SetBits                             0x08001c1f   Thumb Code     4  stm32f10x_gpio.o(.text)
    GPIO_ResetBits                           0x08001c23   Thumb Code     4  stm32f10x_gpio.o(.text)
    GPIO_WriteBit                            0x08001c27   Thumb Code    10  stm32f10x_gpio.o(.text)
    GPIO_Write                               0x08001c31   Thumb Code     4  stm32f10x_gpio.o(.text)
    GPIO_PinLockConfig                       0x08001c35   Thumb Code    18  stm32f10x_gpio.o(.text)
    GPIO_EventOutputConfig                   0x08001c47   Thumb Code    26  stm32f10x_gpio.o(.text)
    GPIO_EventOutputCmd                      0x08001c61   Thumb Code     6  stm32f10x_gpio.o(.text)
    GPIO_PinRemapConfig                      0x08001c67   Thumb Code   138  stm32f10x_gpio.o(.text)
    GPIO_EXTILineConfig                      0x08001cf1   Thumb Code    66  stm32f10x_gpio.o(.text)
    GPIO_ETH_MediaInterfaceConfig            0x08001d33   Thumb Code     8  stm32f10x_gpio.o(.text)
    RCC_DeInit                               0x08001d61   Thumb Code    64  stm32f10x_rcc.o(.text)
    RCC_HSEConfig                            0x08001da1   Thumb Code    70  stm32f10x_rcc.o(.text)
    RCC_GetFlagStatus                        0x08001de7   Thumb Code    56  stm32f10x_rcc.o(.text)
    RCC_WaitForHSEStartUp                    0x08001e1f   Thumb Code    56  stm32f10x_rcc.o(.text)
    RCC_AdjustHSICalibrationValue            0x08001e57   Thumb Code    20  stm32f10x_rcc.o(.text)
    RCC_HSICmd                               0x08001e6b   Thumb Code     6  stm32f10x_rcc.o(.text)
    RCC_PLLConfig                            0x08001e71   Thumb Code    24  stm32f10x_rcc.o(.text)
    RCC_PLLCmd                               0x08001e89   Thumb Code     6  stm32f10x_rcc.o(.text)
    RCC_SYSCLKConfig                         0x08001e8f   Thumb Code    18  stm32f10x_rcc.o(.text)
    RCC_GetSYSCLKSource                      0x08001ea1   Thumb Code    10  stm32f10x_rcc.o(.text)
    RCC_HCLKConfig                           0x08001eab   Thumb Code    18  stm32f10x_rcc.o(.text)
    RCC_PCLK1Config                          0x08001ebd   Thumb Code    18  stm32f10x_rcc.o(.text)
    RCC_PCLK2Config                          0x08001ecf   Thumb Code    20  stm32f10x_rcc.o(.text)
    RCC_ITConfig                             0x08001ee3   Thumb Code    26  stm32f10x_rcc.o(.text)
    RCC_USBCLKConfig                         0x08001efd   Thumb Code     8  stm32f10x_rcc.o(.text)
    RCC_ADCCLKConfig                         0x08001f05   Thumb Code    18  stm32f10x_rcc.o(.text)
    RCC_LSEConfig                            0x08001f17   Thumb Code    50  stm32f10x_rcc.o(.text)
    RCC_LSICmd                               0x08001f49   Thumb Code     6  stm32f10x_rcc.o(.text)
    RCC_RTCCLKConfig                         0x08001f4f   Thumb Code    12  stm32f10x_rcc.o(.text)
    RCC_RTCCLKCmd                            0x08001f5b   Thumb Code     8  stm32f10x_rcc.o(.text)
    RCC_GetClocksFreq                        0x08001f63   Thumb Code   192  stm32f10x_rcc.o(.text)
    RCC_AHBPeriphClockCmd                    0x08002023   Thumb Code    26  stm32f10x_rcc.o(.text)
    RCC_APB2PeriphClockCmd                   0x0800203d   Thumb Code    26  stm32f10x_rcc.o(.text)
    RCC_APB1PeriphClockCmd                   0x08002057   Thumb Code    26  stm32f10x_rcc.o(.text)
    RCC_APB2PeriphResetCmd                   0x08002071   Thumb Code    26  stm32f10x_rcc.o(.text)
    RCC_APB1PeriphResetCmd                   0x0800208b   Thumb Code    26  stm32f10x_rcc.o(.text)
    RCC_BackupResetCmd                       0x080020a5   Thumb Code     8  stm32f10x_rcc.o(.text)
    RCC_ClockSecuritySystemCmd               0x080020ad   Thumb Code     6  stm32f10x_rcc.o(.text)
    RCC_MCOConfig                            0x080020b3   Thumb Code     6  stm32f10x_rcc.o(.text)
    RCC_ClearFlag                            0x080020b9   Thumb Code    14  stm32f10x_rcc.o(.text)
    RCC_GetITStatus                          0x080020c7   Thumb Code    20  stm32f10x_rcc.o(.text)
    RCC_ClearITPendingBit                    0x080020db   Thumb Code     6  stm32f10x_rcc.o(.text)
    USART_DeInit                             0x08002105   Thumb Code   134  stm32f10x_usart.o(.text)
    USART_Init                               0x0800218b   Thumb Code   210  stm32f10x_usart.o(.text)
    USART_StructInit                         0x0800225d   Thumb Code    24  stm32f10x_usart.o(.text)
    USART_ClockInit                          0x08002275   Thumb Code    34  stm32f10x_usart.o(.text)
    USART_ClockStructInit                    0x08002297   Thumb Code    12  stm32f10x_usart.o(.text)
    USART_Cmd                                0x080022a3   Thumb Code    24  stm32f10x_usart.o(.text)
    USART_ITConfig                           0x080022bb   Thumb Code    74  stm32f10x_usart.o(.text)
    USART_DMACmd                             0x08002305   Thumb Code    18  stm32f10x_usart.o(.text)
    USART_SetAddress                         0x08002317   Thumb Code    18  stm32f10x_usart.o(.text)
    USART_WakeUpConfig                       0x08002329   Thumb Code    18  stm32f10x_usart.o(.text)
    USART_ReceiverWakeUpCmd                  0x0800233b   Thumb Code    24  stm32f10x_usart.o(.text)
    USART_LINBreakDetectLengthConfig         0x08002353   Thumb Code    18  stm32f10x_usart.o(.text)
    USART_LINCmd                             0x08002365   Thumb Code    24  stm32f10x_usart.o(.text)
    USART_SendData                           0x0800237d   Thumb Code     8  stm32f10x_usart.o(.text)
    USART_ReceiveData                        0x08002385   Thumb Code    10  stm32f10x_usart.o(.text)
    USART_SendBreak                          0x0800238f   Thumb Code    10  stm32f10x_usart.o(.text)
    USART_SetGuardTime                       0x08002399   Thumb Code    16  stm32f10x_usart.o(.text)
    USART_SetPrescaler                       0x080023a9   Thumb Code    16  stm32f10x_usart.o(.text)
    USART_SmartCardCmd                       0x080023b9   Thumb Code    24  stm32f10x_usart.o(.text)
    USART_SmartCardNACKCmd                   0x080023d1   Thumb Code    24  stm32f10x_usart.o(.text)
    USART_HalfDuplexCmd                      0x080023e9   Thumb Code    24  stm32f10x_usart.o(.text)
    USART_OverSampling8Cmd                   0x08002401   Thumb Code    22  stm32f10x_usart.o(.text)
    USART_OneBitMethodCmd                    0x08002417   Thumb Code    24  stm32f10x_usart.o(.text)
    USART_IrDAConfig                         0x0800242f   Thumb Code    18  stm32f10x_usart.o(.text)
    USART_IrDACmd                            0x08002441   Thumb Code    24  stm32f10x_usart.o(.text)
    USART_GetFlagStatus                      0x08002459   Thumb Code    26  stm32f10x_usart.o(.text)
    USART_ClearFlag                          0x08002473   Thumb Code    18  stm32f10x_usart.o(.text)
    USART_GetITStatus                        0x08002485   Thumb Code    84  stm32f10x_usart.o(.text)
    USART_ClearITPendingBit                  0x080024d9   Thumb Code    52  stm32f10x_usart.o(.text)
    Reset_Handler                            0x0800250d   Thumb Code     8  startup_stm32f10x_md.o(.text)
    NMI_Handler                              0x08002515   Thumb Code     2  startup_stm32f10x_md.o(.text)
    HardFault_Handler                        0x08002517   Thumb Code     2  startup_stm32f10x_md.o(.text)
    MemManage_Handler                        0x08002519   Thumb Code     2  startup_stm32f10x_md.o(.text)
    BusFault_Handler                         0x0800251b   Thumb Code     2  startup_stm32f10x_md.o(.text)
    UsageFault_Handler                       0x0800251d   Thumb Code     2  startup_stm32f10x_md.o(.text)
    SVC_Handler                              0x0800251f   Thumb Code     2  startup_stm32f10x_md.o(.text)
    DebugMon_Handler                         0x08002521   Thumb Code     2  startup_stm32f10x_md.o(.text)
    PendSV_Handler                           0x08002523   Thumb Code     2  startup_stm32f10x_md.o(.text)
    ADC1_2_IRQHandler                        0x08002527   Thumb Code     0  startup_stm32f10x_md.o(.text)
    CAN1_RX1_IRQHandler                      0x08002527   Thumb Code     0  startup_stm32f10x_md.o(.text)
    CAN1_SCE_IRQHandler                      0x08002527   Thumb Code     0  startup_stm32f10x_md.o(.text)
    DMA1_Channel1_IRQHandler                 0x08002527   Thumb Code     0  startup_stm32f10x_md.o(.text)
    DMA1_Channel3_IRQHandler                 0x08002527   Thumb Code     0  startup_stm32f10x_md.o(.text)
    DMA1_Channel5_IRQHandler                 0x08002527   Thumb Code     0  startup_stm32f10x_md.o(.text)
    DMA1_Channel6_IRQHandler                 0x08002527   Thumb Code     0  startup_stm32f10x_md.o(.text)
    EXTI0_IRQHandler                         0x08002527   Thumb Code     0  startup_stm32f10x_md.o(.text)
    EXTI15_10_IRQHandler                     0x08002527   Thumb Code     0  startup_stm32f10x_md.o(.text)
    EXTI1_IRQHandler                         0x08002527   Thumb Code     0  startup_stm32f10x_md.o(.text)
    EXTI2_IRQHandler                         0x08002527   Thumb Code     0  startup_stm32f10x_md.o(.text)
    EXTI3_IRQHandler                         0x08002527   Thumb Code     0  startup_stm32f10x_md.o(.text)
    EXTI4_IRQHandler                         0x08002527   Thumb Code     0  startup_stm32f10x_md.o(.text)
    EXTI9_5_IRQHandler                       0x08002527   Thumb Code     0  startup_stm32f10x_md.o(.text)
    FLASH_IRQHandler                         0x08002527   Thumb Code     0  startup_stm32f10x_md.o(.text)
    I2C1_ER_IRQHandler                       0x08002527   Thumb Code     0  startup_stm32f10x_md.o(.text)
    I2C1_EV_IRQHandler                       0x08002527   Thumb Code     0  startup_stm32f10x_md.o(.text)
    I2C2_ER_IRQHandler                       0x08002527   Thumb Code     0  startup_stm32f10x_md.o(.text)
    I2C2_EV_IRQHandler                       0x08002527   Thumb Code     0  startup_stm32f10x_md.o(.text)
    PVD_IRQHandler                           0x08002527   Thumb Code     0  startup_stm32f10x_md.o(.text)
    RCC_IRQHandler                           0x08002527   Thumb Code     0  startup_stm32f10x_md.o(.text)
    RTCAlarm_IRQHandler                      0x08002527   Thumb Code     0  startup_stm32f10x_md.o(.text)
    RTC_IRQHandler                           0x08002527   Thumb Code     0  startup_stm32f10x_md.o(.text)
    SPI1_IRQHandler                          0x08002527   Thumb Code     0  startup_stm32f10x_md.o(.text)
    SPI2_IRQHandler                          0x08002527   Thumb Code     0  startup_stm32f10x_md.o(.text)
    TAMPER_IRQHandler                        0x08002527   Thumb Code     0  startup_stm32f10x_md.o(.text)
    TIM1_BRK_IRQHandler                      0x08002527   Thumb Code     0  startup_stm32f10x_md.o(.text)
    TIM1_CC_IRQHandler                       0x08002527   Thumb Code     0  startup_stm32f10x_md.o(.text)
    TIM1_TRG_COM_IRQHandler                  0x08002527   Thumb Code     0  startup_stm32f10x_md.o(.text)
    TIM1_UP_IRQHandler                       0x08002527   Thumb Code     0  startup_stm32f10x_md.o(.text)
    TIM2_IRQHandler                          0x08002527   Thumb Code     0  startup_stm32f10x_md.o(.text)
    TIM3_IRQHandler                          0x08002527   Thumb Code     0  startup_stm32f10x_md.o(.text)
    TIM4_IRQHandler                          0x08002527   Thumb Code     0  startup_stm32f10x_md.o(.text)
    USBWakeUp_IRQHandler                     0x08002527   Thumb Code     0  startup_stm32f10x_md.o(.text)
    USB_HP_CAN1_TX_IRQHandler                0x08002527   Thumb Code     0  startup_stm32f10x_md.o(.text)
    USB_LP_CAN1_RX0_IRQHandler               0x08002527   Thumb Code     0  startup_stm32f10x_md.o(.text)
    WWDG_IRQHandler                          0x08002527   Thumb Code     0  startup_stm32f10x_md.o(.text)
    __user_initial_stackheap                 0x08002529   Thumb Code     0  startup_stm32f10x_md.o(.text)
    SystemInit                               0x0800262b   Thumb Code    78  system_stm32f10x.o(.text)
    SystemCoreClockUpdate                    0x08002679   Thumb Code   142  system_stm32f10x.o(.text)
    __use_two_region_memory                  0x0800272d   Thumb Code     2  heapauxi.o(.text)
    __rt_heap_escrow                         0x0800272f   Thumb Code     2  heapauxi.o(.text)
    __rt_heap_expand                         0x08002731   Thumb Code     2  heapauxi.o(.text)
    __cpp_initialize__aeabi_                 0x08002735   Thumb Code    26  init_aeabi.o(.text)
    __rt_ddtor_pointer_addr                  0x08002759   Thumb Code     8  rt_ddtor_pointer_addr_intlibspace.o(.text)
    malloc                                   0x08002761   Thumb Code    94  h1_alloc.o(.text)
    __user_libspace                          0x080027c1   Thumb Code     8  libspace.o(.text)
    __user_perproc_libspace                  0x080027c1   Thumb Code     0  libspace.o(.text)
    __user_perthread_libspace                0x080027c1   Thumb Code     0  libspace.o(.text)
    __rt_heap_descriptor                     0x080027c9   Thumb Code     8  rt_heap_descriptor_intlibspace.o(.text)
    __use_no_heap                            0x080027d1   Thumb Code     2  hguard.o(.text)
    __heap$guard                             0x080027d3   Thumb Code     2  hguard.o(.text)
    _terminate_user_alloc                    0x080027d5   Thumb Code     2  init_alloc.o(.text)
    _init_user_alloc                         0x080027d7   Thumb Code     2  init_alloc.o(.text)
    __Heap_Full                              0x080027d9   Thumb Code    34  init_alloc.o(.text)
    __Heap_Broken                            0x080027fb   Thumb Code     6  init_alloc.o(.text)
    _init_alloc                              0x08002801   Thumb Code    94  init_alloc.o(.text)
    __Heap_Initialize                        0x0800285f   Thumb Code    10  h1_init.o(.text)
    __Heap_DescSize                          0x08002869   Thumb Code     4  h1_init.o(.text)
    free                                     0x0800286d   Thumb Code    78  h1_free.o(.text)
    __user_setup_stackheap                   0x080028bb   Thumb Code    74  sys_stackheap_outer.o(.text)
    __Heap_ProvideMemory                     0x08002905   Thumb Code    52  h1_extend.o(.text)
    exit                                     0x08002939   Thumb Code    12  exit.o(.text)
    __rt_SIGRTMEM                            0x08002945   Thumb Code    14  defsig_rtmem_outer.o(.text)
    __I$use$semihosting                      0x08002953   Thumb Code     0  use_no_semi.o(.text)
    __use_no_semihosting_swi                 0x08002953   Thumb Code     2  use_no_semi.o(.text)
    __semihosting_library_function           0x08002955   Thumb Code     0  indicate_semi.o(.text)
    __sig_exit                               0x08002955   Thumb Code    10  defsig_exit.o(.text)
    __rt_SIGRTMEM_inner                      0x08002961   Thumb Code    22  defsig_rtmem_inner.o(.text)
    _sys_exit                                0x080029b1   Thumb Code     8  sys_exit.o(.text)
    __default_signal_display                 0x080029bd   Thumb Code    50  defsig_general.o(.text)
    _ttywrch                                 0x080029ef   Thumb Code    14  sys_wrch.o(.text)
    __aeabi_atexit                           0x080029fd   Thumb Code    50  aeabi_atexit.o(i.__aeabi_atexit)
    __cxa_finalize                           0x08002a2f   Thumb Code    66  cxa_finalize.o(i.__cxa_finalize)
    FIFOBuffer<unsigned char, (unsigned short)200>::Get(unsigned char&) 0x08002a71   Thumb Code    62  usart.o(t._ZN10FIFOBufferIhLt200EE3GetERh)
    FIFOBuffer<unsigned char, (unsigned short)200>::Put(const unsigned char&) 0x08002aaf   Thumb Code    68  usart.o(t._ZN10FIFOBufferIhLt200EE3PutERKh)
    FIFOBuffer<unsigned char, (unsigned short)200>::Gets(unsigned char*, unsigned short) 0x08002af3   Thumb Code    76  usart.o(t._ZN10FIFOBufferIhLt200EE4GetsEPht)
    FIFOBuffer<unsigned char, (unsigned short)200>::Puts(unsigned char*, unsigned short) 0x08002b3f   Thumb Code    82  usart.o(t._ZN10FIFOBufferIhLt200EE4PutsEPht)
    FIFOBuffer<unsigned char, (unsigned short)200>::Size() 0x08002b91   Thumb Code     8  usart.o(t._ZN10FIFOBufferIhLt200EE4SizeEv)
    FIFOBuffer<unsigned char, (unsigned short)200>::Clear() 0x08002b99   Thumb Code    14  usart.o(t._ZN10FIFOBufferIhLt200EE5ClearEv)
    FIFOBuffer<unsigned char, (unsigned short)200>::FIFOBuffer() 0x08002ba7   Thumb Code    18  usart.o(t._ZN10FIFOBufferIhLt200EEC1Ev)
    FIFOBuffer<unsigned char, (unsigned short)200>::FIFOBuffer__sub_object() 0x08002ba7   Thumb Code     0  usart.o(t._ZN10FIFOBufferIhLt200EEC1Ev)
    __aeabi_dadd                             0x08002bb9   Thumb Code     0  daddsub_clz.o(x$fpl$dadd)
    _dadd                                    0x08002bb9   Thumb Code   332  daddsub_clz.o(x$fpl$dadd)
    __fpl_dcmp_Inf                           0x08002d09   Thumb Code    24  dcmpi.o(x$fpl$dcmpinf)
    __aeabi_ddiv                             0x08002d21   Thumb Code     0  ddiv.o(x$fpl$ddiv)
    _ddiv                                    0x08002d21   Thumb Code   552  ddiv.o(x$fpl$ddiv)
    __aeabi_d2uiz                            0x08002fd1   Thumb Code     0  dfixu.o(x$fpl$dfixu)
    _dfixu                                   0x08002fd1   Thumb Code    90  dfixu.o(x$fpl$dfixu)
    __aeabi_ui2d                             0x0800302b   Thumb Code     0  dflt_clz.o(x$fpl$dfltu)
    _dfltu                                   0x0800302b   Thumb Code    38  dflt_clz.o(x$fpl$dfltu)
    __aeabi_cdcmple                          0x08003051   Thumb Code     0  dleqf.o(x$fpl$dleqf)
    _dcmple                                  0x08003051   Thumb Code   120  dleqf.o(x$fpl$dleqf)
    __fpl_dcmple_InfNaN                      0x080030b3   Thumb Code     0  dleqf.o(x$fpl$dleqf)
    __aeabi_dmul                             0x080030c9   Thumb Code     0  dmul.o(x$fpl$dmul)
    _dmul                                    0x080030c9   Thumb Code   332  dmul.o(x$fpl$dmul)
    __fpl_dnaninf                            0x0800321d   Thumb Code   156  dnaninf.o(x$fpl$dnaninf)
    __fpl_dretinf                            0x080032b9   Thumb Code    12  dretinf.o(x$fpl$dretinf)
    __aeabi_cdrcmple                         0x080032c5   Thumb Code     0  drleqf.o(x$fpl$drleqf)
    _drcmple                                 0x080032c5   Thumb Code   108  drleqf.o(x$fpl$drleqf)
    __aeabi_dsub                             0x08003331   Thumb Code     0  daddsub_clz.o(x$fpl$dsub)
    _dsub                                    0x08003331   Thumb Code   464  daddsub_clz.o(x$fpl$dsub)
    Region$$Table$$Base                      0x08003504   Number         0  anon$$obj.o(Region$$Table)
    __I$use$fp                               0x08003504   Number         0  usenofp.o(x$fpl$usenofp)
    Region$$Table$$Limit                     0x08003524   Number         0  anon$$obj.o(Region$$Table)
    SHT$$INIT_ARRAY$$Base                    0x08003524   Number         0  main.o(.init_array)
    SHT$$INIT_ARRAY$$Limit                   0x08003530   Number         0  init_aeabi.o(.init_array)
    DefaultKey                               0x20000000   Data           6  main.o(.data)
    sector                                   0x20000006   Data          16  main.o(.data)
    i                                        0x20000016   Data           1  main.o(.data)
    tmp                                      0x20000017   Data           1  main.o(.data)
    status                                   0x20000018   Data           1  main.o(.data)
    status2                                  0x20000019   Data           1  main.o(.data)
    blockAddr                                0x2000001a   Data           1  main.o(.data)
    readsuccess                              0x2000001b   Data           1  main.o(.data)
    readfail                                 0x2000001c   Data           1  main.o(.data)
    writesuccess                             0x2000001d   Data           1  main.o(.data)
    checkcard                                0x2000001e   Data           1  main.o(.data)
    checkread                                0x2000001f   Data           1  main.o(.data)
    EndStr                                   0x20000020   Data          24  main.o(.data)
    pUSART1                                  0x2000003c   Data           4  interrupt.o(.data)
    pUSART2                                  0x20000040   Data           4  interrupt.o(.data)
    pUSART3                                  0x20000044   Data           4  interrupt.o(.data)
    tskmgr                                   0x20000048   Data           1  taskmanager.o(.data)
    TaskManager::_it_cnt                     0x2000004c   Data           4  taskmanager.o(.data)
    SystemCoreClock                          0x20000074   Data           4  system_stm32f10x.o(.data)
    AHBPrescTable                            0x20000078   Data          16  system_stm32f10x.o(.data)
    usart                                    0x20000088   Data         456  main.o(.bss)
    sendDataBuffer                           0x20000250   Data          24  main.o(.bss)
    Receive                                  0x20000268   Data          20  main.o(.bss)
    ReceiveStr                               0x2000027c   Data         160  main.o(.bss)
    SendbackDataBuffer                       0x2000031c   Data          24  main.o(.bss)
    usart2test                               0x20000334   Data         456  mfrc522.o(.bss)
    mfrc522                                  0x200004fc   Data          21  mfrc522.o(.bss)
    __libspace_start                         0x20000514   Data          96  libspace.o(.bss)
    __temporary_stack_top$libspace           0x20000574   Data           0  libspace.o(.bss)



==============================================================================

Memory Map of the image

  Image Entry point : 0x080000ed

  Load Region LR_IROM1 (Base: 0x08000000, Size: 0x000035b8, Max: 0x00010000, ABSOLUTE)

    Execution Region ER_IROM1 (Base: 0x08000000, Size: 0x00003530, Max: 0x00010000, ABSOLUTE)

    Base Addr    Size         Type   Attr      Idx    E Section Name        Object

    0x08000000   0x000000ec   Data   RO          477    RESET               startup_stm32f10x_md.o
    0x080000ec   0x00000008   Code   RO          519  * !!!main             c_w.l(__main.o)
    0x080000f4   0x00000034   Code   RO          836    !!!scatter          c_w.l(__scatter.o)
    0x08000128   0x0000001a   Code   RO          838    !!handler_copy      c_w.l(__scatter_copy.o)
    0x08000142   0x00000002   PAD
    0x08000144   0x0000001c   Code   RO          840    !!handler_zi        c_w.l(__scatter_zi.o)
    0x08000160   0x00000002   Code   RO          780    .ARM.Collect$$libinit$$00000000  c_w.l(libinit.o)
    0x08000162   0x00000000   Code   RO          619    .ARM.Collect$$libinit$$00000002  c_w.l(libinit2.o)
    0x08000162   0x00000000   Code   RO          621    .ARM.Collect$$libinit$$00000004  c_w.l(libinit2.o)
    0x08000162   0x00000008   Code   RO          622    .ARM.Collect$$libinit$$00000005  c_w.l(libinit2.o)
    0x0800016a   0x00000000   Code   RO          624    .ARM.Collect$$libinit$$0000000A  c_w.l(libinit2.o)
    0x0800016a   0x00000000   Code   RO          626    .ARM.Collect$$libinit$$0000000C  c_w.l(libinit2.o)
    0x0800016a   0x00000000   Code   RO          628    .ARM.Collect$$libinit$$0000000E  c_w.l(libinit2.o)
    0x0800016a   0x00000000   Code   RO          631    .ARM.Collect$$libinit$$00000011  c_w.l(libinit2.o)
    0x0800016a   0x00000000   Code   RO          633    .ARM.Collect$$libinit$$00000013  c_w.l(libinit2.o)
    0x0800016a   0x00000000   Code   RO          635    .ARM.Collect$$libinit$$00000015  c_w.l(libinit2.o)
    0x0800016a   0x00000000   Code   RO          637    .ARM.Collect$$libinit$$00000017  c_w.l(libinit2.o)
    0x0800016a   0x00000000   Code   RO          639    .ARM.Collect$$libinit$$00000019  c_w.l(libinit2.o)
    0x0800016a   0x00000000   Code   RO          641    .ARM.Collect$$libinit$$0000001B  c_w.l(libinit2.o)
    0x0800016a   0x00000000   Code   RO          643    .ARM.Collect$$libinit$$0000001D  c_w.l(libinit2.o)
    0x0800016a   0x00000000   Code   RO          645    .ARM.Collect$$libinit$$0000001F  c_w.l(libinit2.o)
    0x0800016a   0x00000000   Code   RO          647    .ARM.Collect$$libinit$$00000021  c_w.l(libinit2.o)
    0x0800016a   0x00000000   Code   RO          649    .ARM.Collect$$libinit$$00000023  c_w.l(libinit2.o)
    0x0800016a   0x00000000   Code   RO          651    .ARM.Collect$$libinit$$00000025  c_w.l(libinit2.o)
    0x0800016a   0x00000000   Code   RO          655    .ARM.Collect$$libinit$$0000002C  c_w.l(libinit2.o)
    0x0800016a   0x00000000   Code   RO          657    .ARM.Collect$$libinit$$0000002E  c_w.l(libinit2.o)
    0x0800016a   0x00000000   Code   RO          659    .ARM.Collect$$libinit$$00000030  c_w.l(libinit2.o)
    0x0800016a   0x00000004   Code   RO          660    .ARM.Collect$$libinit$$00000031  c_w.l(libinit2.o)
    0x0800016e   0x00000000   Code   RO          661    .ARM.Collect$$libinit$$00000032  c_w.l(libinit2.o)
    0x0800016e   0x00000002   Code   RO          662    .ARM.Collect$$libinit$$00000033  c_w.l(libinit2.o)
    0x08000170   0x00000002   Code   RO          817    .ARM.Collect$$libshutdown$$00000000  c_w.l(libshutdown.o)
    0x08000172   0x00000006   Code   RO          663    .ARM.Collect$$libshutdown$$00000001  c_w.l(libshutdown2.o)
    0x08000178   0x00000000   Code   RO          665    .ARM.Collect$$libshutdown$$00000003  c_w.l(libshutdown2.o)
    0x08000178   0x00000000   Code   RO          668    .ARM.Collect$$libshutdown$$00000006  c_w.l(libshutdown2.o)
    0x08000178   0x00000000   Code   RO          671    .ARM.Collect$$libshutdown$$00000009  c_w.l(libshutdown2.o)
    0x08000178   0x00000000   Code   RO          673    .ARM.Collect$$libshutdown$$0000000B  c_w.l(libshutdown2.o)
    0x08000178   0x00000000   Code   RO          676    .ARM.Collect$$libshutdown$$0000000E  c_w.l(libshutdown2.o)
    0x08000178   0x00000002   Code   RO          677    .ARM.Collect$$libshutdown$$0000000F  c_w.l(libshutdown2.o)
    0x0800017a   0x00000000   Code   RO          556    .ARM.Collect$$rtentry$$00000000  c_w.l(__rtentry.o)
    0x0800017a   0x00000000   Code   RO          697    .ARM.Collect$$rtentry$$00000002  c_w.l(__rtentry2.o)
    0x0800017a   0x00000006   Code   RO          709    .ARM.Collect$$rtentry$$00000004  c_w.l(__rtentry4.o)
    0x08000180   0x00000000   Code   RO          699    .ARM.Collect$$rtentry$$00000009  c_w.l(__rtentry2.o)
    0x08000180   0x00000004   Code   RO          700    .ARM.Collect$$rtentry$$0000000A  c_w.l(__rtentry2.o)
    0x08000184   0x00000000   Code   RO          702    .ARM.Collect$$rtentry$$0000000C  c_w.l(__rtentry2.o)
    0x08000184   0x00000008   Code   RO          703    .ARM.Collect$$rtentry$$0000000D  c_w.l(__rtentry2.o)
    0x0800018c   0x00000002   Code   RO          784    .ARM.Collect$$rtexit$$00000000  c_w.l(rtexit.o)
    0x0800018e   0x00000000   Code   RO          797    .ARM.Collect$$rtexit$$00000002  c_w.l(rtexit2.o)
    0x0800018e   0x00000004   Code   RO          798    .ARM.Collect$$rtexit$$00000003  c_w.l(rtexit2.o)
    0x08000192   0x00000006   Code   RO          799    .ARM.Collect$$rtexit$$00000004  c_w.l(rtexit2.o)
    0x08000198   0x00000000   Code   RO          756    .emb_text           c_w.l(maybetermalloc1.o)
    0x08000198   0x000003fc   Code   RO            4    .text               main.o
    0x08000594   0x00000878   Code   RO          103    .text               usart.o
    0x08000e0c   0x00000078   Code   RO          182    .text               interrupt.o
    0x08000e84   0x000001a4   Code   RO          216    .text               taskmanager.o
    0x08001028   0x000006ac   Code   RO          248    .text               mfrc522.o
    0x080016d4   0x000000dc   Code   RO          284    .text               misc.o
    0x080017b0   0x00000254   Code   RO          356    .text               stm32f10x_dma.o
    0x08001a04   0x0000035c   Code   RO          404    .text               stm32f10x_gpio.o
    0x08001d60   0x000003a4   Code   RO          428    .text               stm32f10x_rcc.o
    0x08002104   0x00000408   Code   RO          454    .text               stm32f10x_usart.o
    0x0800250c   0x00000040   Code   RO          478    .text               startup_stm32f10x_md.o
    0x0800254c   0x000001e0   Code   RO          485    .text               system_stm32f10x.o
    0x0800272c   0x00000006   Code   RO          517    .text               c_w.l(heapauxi.o)
    0x08002732   0x00000002   PAD
    0x08002734   0x00000024   Code   RO          524    .text               c_w.l(init_aeabi.o)
    0x08002758   0x00000008   Code   RO          560    .text               c_w.l(rt_ddtor_pointer_addr_intlibspace.o)
    0x08002760   0x0000005e   Code   RO          564    .text               c_w.l(h1_alloc.o)
    0x080027be   0x00000002   PAD
    0x080027c0   0x00000008   Code   RO          691    .text               c_w.l(libspace.o)
    0x080027c8   0x00000008   Code   RO          714    .text               c_w.l(rt_heap_descriptor_intlibspace.o)
    0x080027d0   0x00000004   Code   RO          716    .text               c_w.l(hguard.o)
    0x080027d4   0x0000008a   Code   RO          718    .text               c_w.l(init_alloc.o)
    0x0800285e   0x0000000e   Code   RO          724    .text               c_w.l(h1_init.o)
    0x0800286c   0x0000004e   Code   RO          726    .text               c_w.l(h1_free.o)
    0x080028ba   0x0000004a   Code   RO          752    .text               c_w.l(sys_stackheap_outer.o)
    0x08002904   0x00000034   Code   RO          758    .text               c_w.l(h1_extend.o)
    0x08002938   0x0000000c   Code   RO          762    .text               c_w.l(exit.o)
    0x08002944   0x0000000e   Code   RO          764    .text               c_w.l(defsig_rtmem_outer.o)
    0x08002952   0x00000002   Code   RO          781    .text               c_w.l(use_no_semi.o)
    0x08002954   0x00000000   Code   RO          783    .text               c_w.l(indicate_semi.o)
    0x08002954   0x0000000a   Code   RO          790    .text               c_w.l(defsig_exit.o)
    0x0800295e   0x00000002   PAD
    0x08002960   0x00000050   Code   RO          792    .text               c_w.l(defsig_rtmem_inner.o)
    0x080029b0   0x0000000c   Code   RO          794    .text               c_w.l(sys_exit.o)
    0x080029bc   0x00000032   Code   RO          809    .text               c_w.l(defsig_general.o)
    0x080029ee   0x0000000e   Code   RO          811    .text               c_w.l(sys_wrch.o)
    0x080029fc   0x00000032   Code   RO          527    i.__aeabi_atexit    cpprt_w.l(aeabi_atexit.o)
    0x08002a2e   0x00000042   Code   RO          681    i.__cxa_finalize    cpprt_w.l(cxa_finalize.o)
    0x08002a70   0x0000003e   Code   RO          135    t._ZN10FIFOBufferIhLt200EE3GetERh  usart.o
    0x08002aae   0x00000044   Code   RO          129    t._ZN10FIFOBufferIhLt200EE3PutERKh  usart.o
    0x08002af2   0x0000004c   Code   RO          147    t._ZN10FIFOBufferIhLt200EE4GetsEPht  usart.o
    0x08002b3e   0x00000052   Code   RO          141    t._ZN10FIFOBufferIhLt200EE4PutsEPht  usart.o
    0x08002b90   0x00000008   Code   RO          153    t._ZN10FIFOBufferIhLt200EE4SizeEv  usart.o
    0x08002b98   0x0000000e   Code   RO          159    t._ZN10FIFOBufferIhLt200EE5ClearEv  usart.o
    0x08002ba6   0x00000012   Code   RO          123    t._ZN10FIFOBufferIhLt200EEC1Ev  usart.o
    0x08002bb8   0x00000150   Code   RO          530    x$fpl$dadd          fz_ws.l(daddsub_clz.o)
    0x08002d08   0x00000018   Code   RO          684    x$fpl$dcmpinf       fz_ws.l(dcmpi.o)
    0x08002d20   0x000002b0   Code   RO          537    x$fpl$ddiv          fz_ws.l(ddiv.o)
    0x08002fd0   0x0000005a   Code   RO          540    x$fpl$dfixu         fz_ws.l(dfixu.o)
    0x0800302a   0x00000026   Code   RO          544    x$fpl$dfltu         fz_ws.l(dflt_clz.o)
    0x08003050   0x00000078   Code   RO          550    x$fpl$dleqf         fz_ws.l(dleqf.o)
    0x080030c8   0x00000154   Code   RO          552    x$fpl$dmul          fz_ws.l(dmul.o)
    0x0800321c   0x0000009c   Code   RO          686    x$fpl$dnaninf       fz_ws.l(dnaninf.o)
    0x080032b8   0x0000000c   Code   RO          688    x$fpl$dretinf       fz_ws.l(dretinf.o)
    0x080032c4   0x0000006c   Code   RO          554    x$fpl$drleqf        fz_ws.l(drleqf.o)
    0x08003330   0x000001d4   Code   RO          532    x$fpl$dsub          fz_ws.l(daddsub_clz.o)
    0x08003504   0x00000000   Code   RO          690    x$fpl$usenofp       fz_ws.l(usenofp.o)
    0x08003504   0x00000020   Data   RO          834    Region$$Table       anon$$obj.o
    0x08003524   0x00000004   Data   RO            8    .init_array         main.o
    0x08003528   0x00000004   Data   RO          219    .init_array         taskmanager.o
    0x0800352c   0x00000004   Data   RO          251    .init_array         mfrc522.o
    0x08003530   0x00000000   Data   RO          522    .init_array         c_w.l(init_aeabi.o)


    Execution Region RW_IRAM1 (Base: 0x20000000, Size: 0x00000b78, Max: 0x00005000, ABSOLUTE)

    Base Addr    Size         Type   Attr      Idx    E Section Name        Object

    0x20000000   0x00000038   Data   RW            7    .data               main.o
    0x20000038   0x00000003   Data   RW          105    .data               usart.o
    0x2000003b   0x00000001   PAD
    0x2000003c   0x0000000c   Data   RW          184    .data               interrupt.o
    0x20000048   0x00000018   Data   RW          218    .data               taskmanager.o
    0x20000060   0x00000014   Data   RW          429    .data               stm32f10x_rcc.o
    0x20000074   0x00000014   Data   RW          486    .data               system_stm32f10x.o
    0x20000088   0x000002ac   Zero   RW            6    .bss                main.o
    0x20000334   0x000001dd   Zero   RW          250    .bss                mfrc522.o
    0x20000511   0x00000003   PAD
    0x20000514   0x00000060   Zero   RW          692    .bss                c_w.l(libspace.o)
    0x20000574   0x00000004   PAD
    0x20000578   0x00000200   Zero   RW          476    HEAP                startup_stm32f10x_md.o
    0x20000778   0x00000400   Zero   RW          475    STACK               startup_stm32f10x_md.o


==============================================================================

Image component sizes


      Code (inc. data)   RO Data    RW Data    ZI Data      Debug   Object Name

       120         12          0         12          0       1649   interrupt.o
      1020         68          4         56        684     247309   main.o
      1708         30          4          0        477       7929   mfrc522.o
       220         22          0          0          0     243413   misc.o
        64         26        236          0       1536        800   startup_stm32f10x_md.o
       596          8          0          0          0       4442   stm32f10x_dma.o
       860         38          0          0          0       5761   stm32f10x_gpio.o
       932         36          0         20          0       8920   stm32f10x_rcc.o
      1032         22          0          0          0       8484   stm32f10x_usart.o
       480         38          0         20          0       1823   system_stm32f10x.o
       420         46          4         24          0       2155   taskmanager.o
      2496         70          0          3          0      11910   usart.o

    ----------------------------------------------------------------------
      9948        416        280        136       2700     544595   Object Totals
         0          0         32          0          0          0   (incl. Generated)
         0          0          0          1          3          0   (incl. Padding)

    ----------------------------------------------------------------------

      Code (inc. data)   RO Data    RW Data    ZI Data      Debug   Library Member Name

         8          0          0          0          0         68   __main.o
         0          0          0          0          0          0   __rtentry.o
        12          0          0          0          0          0   __rtentry2.o
         6          0          0          0          0          0   __rtentry4.o
        52          8          0          0          0          0   __scatter.o
        26          0          0          0          0          0   __scatter_copy.o
        28          0          0          0          0          0   __scatter_zi.o
        10          0          0          0          0         68   defsig_exit.o
        50          0          0          0          0         88   defsig_general.o
        80         58          0          0          0         76   defsig_rtmem_inner.o
        14          0          0          0          0         80   defsig_rtmem_outer.o
        12          0          0          0          0         72   exit.o
        94          0          0          0          0         80   h1_alloc.o
        52          0          0          0          0         68   h1_extend.o
        78          0          0          0          0         80   h1_free.o
        14          0          0          0          0         84   h1_init.o
         6          0          0          0          0        152   heapauxi.o
         4          0          0          0          0        136   hguard.o
         0          0          0          0          0          0   indicate_semi.o
        36         10          0          0          0         80   init_aeabi.o
       138          0          0          0          0        168   init_alloc.o
         2          0          0          0          0          0   libinit.o
        14          0          0          0          0          0   libinit2.o
         2          0          0          0          0          0   libshutdown.o
         8          0          0          0          0          0   libshutdown2.o
         8          4          0          0         96         68   libspace.o
         0          0          0          0          0          0   maybetermalloc1.o
         8          4          0          0          0         68   rt_ddtor_pointer_addr_intlibspace.o
         8          4          0          0          0         68   rt_heap_descriptor_intlibspace.o
         2          0          0          0          0          0   rtexit.o
        10          0          0          0          0          0   rtexit2.o
        12          4          0          0          0         68   sys_exit.o
        74          0          0          0          0         80   sys_stackheap_outer.o
        14          0          0          0          0         76   sys_wrch.o
         2          0          0          0          0         68   use_no_semi.o
        50          0          0          0          0         84   aeabi_atexit.o
        66          0          0          0          0         84   cxa_finalize.o
       804         16          0          0          0        272   daddsub_clz.o
        24          0          0          0          0         68   dcmpi.o
       688        140          0          0          0        208   ddiv.o
        90          4          0          0          0         92   dfixu.o
        38          0          0          0          0         68   dflt_clz.o
       120          4          0          0          0         92   dleqf.o
       340         12          0          0          0        104   dmul.o
       156          4          0          0          0         92   dnaninf.o
        12          0          0          0          0         68   dretinf.o
       108          0          0          0          0         80   drleqf.o
         0          0          0          0          0          0   usenofp.o

    ----------------------------------------------------------------------
      3388        272          0          0        100       3108   Library Totals
         8          0          0          0          4          0   (incl. Padding)

    ----------------------------------------------------------------------

      Code (inc. data)   RO Data    RW Data    ZI Data      Debug   Library Name

       884         92          0          0         96       1796   c_w.l
       116          0          0          0          0        168   cpprt_w.l
      2380        180          0          0          0       1144   fz_ws.l

    ----------------------------------------------------------------------
      3388        272          0          0        100       3108   Library Totals

    ----------------------------------------------------------------------

==============================================================================


      Code (inc. data)   RO Data    RW Data    ZI Data      Debug   

     13336        688        280        136       2800     544527   Grand Totals
     13336        688        280        136       2800     544527   ELF Image Totals
     13336        688        280        136          0          0   ROM Totals

==============================================================================

    Total RO  Size (Code + RO Data)                13616 (  13.30kB)
    Total RW  Size (RW Data + ZI Data)              2936 (   2.87kB)
    Total ROM Size (Code + RO Data + RW Data)      13752 (  13.43kB)

==============================================================================

